ssd1306.c:90:6:SSD1306_ScrollRight	16	static
ssd1306.c:103:6:SSD1306_ScrollLeft	16	static
ssd1306.c:116:6:SSD1306_Scrolldiagright	16	static
ssd1306.c:132:6:SSD1306_Scrolldiagleft	16	static
ssd1306.c:148:6:SSD1306_Stopscroll	8	static
ssd1306.c:155:6:SSD1306_InvertDisplay	16	static
ssd1306.c:163:6:SSD1306_DrawBitmap	32	static
ssd1306.c:186:9:SSD1306_Init	16	static
ssd1306.c:252:6:SSD1306_UpdateScreen	16	static
ssd1306.c:265:6:SSD1306_ToggleInvert	16	static
ssd1306.c:277:6:SSD1306_Fill	16	static
ssd1306.c:282:6:SSD1306_DrawPixel	16	static
ssd1306.c:304:6:SSD1306_GotoXY	16	static
ssd1306.c:310:6:SSD1306_Putc	32	static
ssd1306.c:341:6:SSD1306_Puts	24	static
ssd1306.c:358:6:SSD1306_DrawLine	40	static
ssd1306.c:442:6:SSD1306_DrawRectangle	32	static
ssd1306.c:467:6:SSD1306_DrawFilledRectangle	40	static
ssd1306.c:494:6:SSD1306_DrawTriangle	32	static
ssd1306.c:501:6:SSD1306_DrawFilledTriangle	64	static
ssd1306.c:557:6:SSD1306_DrawCircle	40	static
ssd1306.c:591:6:SSD1306_DrawFilledCircle	48	static
ssd1306.c:622:6:SSD1306_Clear	8	static
ssd1306.c:628:6:SSD1306_ON	8	static
ssd1306.c:634:6:SSD1306_OFF	8	static
ssd1306.c:640:6:SSD1306_ShowBitmap	24	static
ssd1306.c:647:6:SSD1306_ShowGif	24	static
ssd1306.c:662:6:SSD1306_Counter	32	static
ssd1306.c:690:6:SSD1306_Println	32	static
ssd1306.c:716:6:ssd1306_I2C_Init	16	static
ssd1306.c:722:6:ssd1306_I2C_WriteMulti	296	static
ssd1306.c:731:6:ssd1306_I2C_Write	32	static
