Archive member included to satisfy reference by file (symbol)

/opt/st/stm32cubeide_1.4.0/plugins/com.st.stm32cube.ide.mcu.externaltools.gnu-tools-for-stm32.7-2018-q2-update.linux64_1.4.0.202007081208/tools/bin/../lib/gcc/arm-none-eabi/7.3.1/../../../../arm-none-eabi/lib/thumb/v7-m/libc_nano.a(lib_a-errno.o)
                              Core/Src/syscalls.o (__errno)
/opt/st/stm32cubeide_1.4.0/plugins/com.st.stm32cube.ide.mcu.externaltools.gnu-tools-for-stm32.7-2018-q2-update.linux64_1.4.0.202007081208/tools/bin/../lib/gcc/arm-none-eabi/7.3.1/../../../../arm-none-eabi/lib/thumb/v7-m/libc_nano.a(lib_a-exit.o)
                              /opt/st/stm32cubeide_1.4.0/plugins/com.st.stm32cube.ide.mcu.externaltools.gnu-tools-for-stm32.7-2018-q2-update.linux64_1.4.0.202007081208/tools/bin/../lib/gcc/arm-none-eabi/7.3.1/../../../../arm-none-eabi/lib/thumb/v7-m/crt0.o (exit)
/opt/st/stm32cubeide_1.4.0/plugins/com.st.stm32cube.ide.mcu.externaltools.gnu-tools-for-stm32.7-2018-q2-update.linux64_1.4.0.202007081208/tools/bin/../lib/gcc/arm-none-eabi/7.3.1/../../../../arm-none-eabi/lib/thumb/v7-m/libc_nano.a(lib_a-impure.o)
                              /opt/st/stm32cubeide_1.4.0/plugins/com.st.stm32cube.ide.mcu.externaltools.gnu-tools-for-stm32.7-2018-q2-update.linux64_1.4.0.202007081208/tools/bin/../lib/gcc/arm-none-eabi/7.3.1/../../../../arm-none-eabi/lib/thumb/v7-m/libc_nano.a(lib_a-exit.o) (_global_impure_ptr)
/opt/st/stm32cubeide_1.4.0/plugins/com.st.stm32cube.ide.mcu.externaltools.gnu-tools-for-stm32.7-2018-q2-update.linux64_1.4.0.202007081208/tools/bin/../lib/gcc/arm-none-eabi/7.3.1/../../../../arm-none-eabi/lib/thumb/v7-m/libc_nano.a(lib_a-init.o)
                              /opt/st/stm32cubeide_1.4.0/plugins/com.st.stm32cube.ide.mcu.externaltools.gnu-tools-for-stm32.7-2018-q2-update.linux64_1.4.0.202007081208/tools/bin/../lib/gcc/arm-none-eabi/7.3.1/../../../../arm-none-eabi/lib/thumb/v7-m/crt0.o (__libc_init_array)
/opt/st/stm32cubeide_1.4.0/plugins/com.st.stm32cube.ide.mcu.externaltools.gnu-tools-for-stm32.7-2018-q2-update.linux64_1.4.0.202007081208/tools/bin/../lib/gcc/arm-none-eabi/7.3.1/../../../../arm-none-eabi/lib/thumb/v7-m/libc_nano.a(lib_a-memset.o)
                              /opt/st/stm32cubeide_1.4.0/plugins/com.st.stm32cube.ide.mcu.externaltools.gnu-tools-for-stm32.7-2018-q2-update.linux64_1.4.0.202007081208/tools/bin/../lib/gcc/arm-none-eabi/7.3.1/../../../../arm-none-eabi/lib/thumb/v7-m/crt0.o (memset)
/opt/st/stm32cubeide_1.4.0/plugins/com.st.stm32cube.ide.mcu.externaltools.gnu-tools-for-stm32.7-2018-q2-update.linux64_1.4.0.202007081208/tools/bin/../lib/gcc/arm-none-eabi/7.3.1/../../../../arm-none-eabi/lib/thumb/v7-m/libc_nano.a(lib_a-strcmp.o)
                              Core/Src/main.o (strcmp)
/opt/st/stm32cubeide_1.4.0/plugins/com.st.stm32cube.ide.mcu.externaltools.gnu-tools-for-stm32.7-2018-q2-update.linux64_1.4.0.202007081208/tools/bin/../lib/gcc/arm-none-eabi/7.3.1/../../../../arm-none-eabi/lib/thumb/v7-m/libc_nano.a(lib_a-strlen.o)
                              Core/Src/FlASH_PAGE_F1.o (strlen)

Allocating common symbols
Common symbol       size              file

un_gs_RxConv        0x8               Core/Src/main.o
hi2c1               0x54              Core/Src/main.o
hcan                0x28              Core/Src/main.o
uwTick              0x4               Drivers/STM32F1xx_HAL_Driver/Src/stm32f1xx_hal.o
pFlash              0x20              Drivers/STM32F1xx_HAL_Driver/Src/stm32f1xx_hal_flash.o
FilterConfig        0x28              Core/Src/main.o
bytes_temp          0x4               Core/Src/FlASH_PAGE_F1.o
TxData              0x8               Core/Src/main.o
button_pressed      0x1               Core/Src/main.o
TxMailbox           0x4               Core/Src/main.o
TxHeader            0x18              Core/Src/main.o
RxHeader            0x1c              Core/Src/main.o

Discarded input sections

 .text          0x0000000000000000        0x0 /opt/st/stm32cubeide_1.4.0/plugins/com.st.stm32cube.ide.mcu.externaltools.gnu-tools-for-stm32.7-2018-q2-update.linux64_1.4.0.202007081208/tools/bin/../lib/gcc/arm-none-eabi/7.3.1/thumb/v7-m/crti.o
 .data          0x0000000000000000        0x0 /opt/st/stm32cubeide_1.4.0/plugins/com.st.stm32cube.ide.mcu.externaltools.gnu-tools-for-stm32.7-2018-q2-update.linux64_1.4.0.202007081208/tools/bin/../lib/gcc/arm-none-eabi/7.3.1/thumb/v7-m/crti.o
 .bss           0x0000000000000000        0x0 /opt/st/stm32cubeide_1.4.0/plugins/com.st.stm32cube.ide.mcu.externaltools.gnu-tools-for-stm32.7-2018-q2-update.linux64_1.4.0.202007081208/tools/bin/../lib/gcc/arm-none-eabi/7.3.1/thumb/v7-m/crti.o
 .data          0x0000000000000000        0x4 /opt/st/stm32cubeide_1.4.0/plugins/com.st.stm32cube.ide.mcu.externaltools.gnu-tools-for-stm32.7-2018-q2-update.linux64_1.4.0.202007081208/tools/bin/../lib/gcc/arm-none-eabi/7.3.1/thumb/v7-m/crtbegin.o
[...]
Memory Configuration

Name             Origin             Length             Attributes
RAM              0x0000000020000000 0x0000000000005000 xrw
FLASH            0x0000000008004c00 0x0000000000006000 xr
*default*        0x0000000000000000 0xffffffffffffffff

Linker script and memory map

LOAD /opt/st/stm32cubeide_1.4.0/plugins/com.st.stm32cube.ide.mcu.externaltools.gnu-tools-for-stm32.7-2018-q2-update.linux64_1.4.0.202007081208/tools/bin/../lib/gcc/arm-none-eabi/7.3.1/thumb/v7-m/crti.o
LOAD /opt/st/stm32cubeide_1.4.0/plugins/com.st.stm32cube.ide.mcu.externaltools.gnu-tools-for-stm32.7-2018-q2-update.linux64_1.4.0.202007081208/tools/bin/../lib/gcc/arm-none-eabi/7.3.1/thumb/v7-m/crtbegin.o
LOAD /opt/st/stm32cubeide_1.4.0/plugins/com.st.stm32cube.ide.mcu.externaltools.gnu-tools-for-stm32.7-2018-q2-update.linux64_1.4.0.202007081208/tools/bin/../lib/gcc/arm-none-eabi/7.3.1/../../../../arm-none-eabi/lib/thumb/v7-m/crt0.o
LOAD Core/Src/FlASH_PAGE_F1.o
LOAD Core/Src/fonts.o
LOAD Core/Src/main.o
LOAD Core/Src/ssd1306.o
LOAD Core/Src/stm32f1xx_hal_msp.o
LOAD Core/Src/stm32f1xx_it.o
LOAD Core/Src/syscalls.o
LOAD Core/Src/sysmem.o
LOAD Core/Src/system_stm32f1xx.o
LOAD Core/Startup/startup_stm32f103c8tx.o
LOAD Drivers/STM32F1xx_HAL_Driver/Src/stm32f1xx_hal.o
LOAD Drivers/STM32F1xx_HAL_Driver/Src/stm32f1xx_hal_can.o
LOAD Drivers/STM32F1xx_HAL_Driver/Src/stm32f1xx_hal_cortex.o
LOAD Drivers/STM32F1xx_HAL_Driver/Src/stm32f1xx_hal_dma.o
LOAD Drivers/STM32F1xx_HAL_Driver/Src/stm32f1xx_hal_exti.o
LOAD Drivers/STM32F1xx_HAL_Driver/Src/stm32f1xx_hal_flash.o
LOAD Drivers/STM32F1xx_HAL_Driver/Src/stm32f1xx_hal_flash_ex.o
LOAD Drivers/STM32F1xx_HAL_Driver/Src/stm32f1xx_hal_gpio.o
LOAD Drivers/STM32F1xx_HAL_Driver/Src/stm32f1xx_hal_gpio_ex.o
LOAD Drivers/STM32F1xx_HAL_Driver/Src/stm32f1xx_hal_i2c.o
LOAD Drivers/STM32F1xx_HAL_Driver/Src/stm32f1xx_hal_pwr.o
LOAD Drivers/STM32F1xx_HAL_Driver/Src/stm32f1xx_hal_rcc.o
LOAD Drivers/STM32F1xx_HAL_Driver/Src/stm32f1xx_hal_rcc_ex.o
LOAD Drivers/STM32F1xx_HAL_Driver/Src/stm32f1xx_hal_tim.o
LOAD Drivers/STM32F1xx_HAL_Driver/Src/stm32f1xx_hal_tim_ex.o
START GROUP
LOAD /opt/st/stm32cubeide_1.4.0/plugins/com.st.stm32cube.ide.mcu.externaltools.gnu-tools-for-stm32.7-2018-q2-update.linux64_1.4.0.202007081208/tools/bin/../lib/gcc/arm-none-eabi/7.3.1/../../../../arm-none-eabi/lib/thumb/v7-m/libc_nano.a
LOAD /opt/st/stm32cubeide_1.4.0/plugins/com.st.stm32cube.ide.mcu.externaltools.gnu-tools-for-stm32.7-2018-q2-update.linux64_1.4.0.202007081208/tools/bin/../lib/gcc/arm-none-eabi/7.3.1/../../../../arm-none-eabi/lib/thumb/v7-m/libm.a
END GROUP
START GROUP
LOAD /opt/st/stm32cubeide_1.4.0/plugins/com.st.stm32cube.ide.mcu.externaltools.gnu-tools-for-stm32.7-2018-q2-update.linux64_1.4.0.202007081208/tools/bin/../lib/gcc/arm-none-eabi/7.3.1/thumb/v7-m/libgcc.a
LOAD /opt/st/stm32cubeide_1.4.0/plugins/com.st.stm32cube.ide.mcu.externaltools.gnu-tools-for-stm32.7-2018-q2-update.linux64_1.4.0.202007081208/tools/bin/../lib/gcc/arm-none-eabi/7.3.1/../../../../arm-none-eabi/lib/thumb/v7-m/libc_nano.a
END GROUP
START GROUP
LOAD /opt/st/stm32cubeide_1.4.0/plugins/com.st.stm32cube.ide.mcu.externaltools.gnu-tools-for-stm32.7-2018-q2-update.linux64_1.4.0.202007081208/tools/bin/../lib/gcc/arm-none-eabi/7.3.1/thumb/v7-m/libgcc.a
LOAD /opt/st/stm32cubeide_1.4.0/plugins/com.st.stm32cube.ide.mcu.externaltools.gnu-tools-for-stm32.7-2018-q2-update.linux64_1.4.0.202007081208/tools/bin/../lib/gcc/arm-none-eabi/7.3.1/../../../../arm-none-eabi/lib/thumb/v7-m/libc_nano.a
LOAD /opt/st/stm32cubeide_1.4.0/plugins/com.st.stm32cube.ide.mcu.externaltools.gnu-tools-for-stm32.7-2018-q2-update.linux64_1.4.0.202007081208/tools/bin/../lib/gcc/arm-none-eabi/7.3.1/../../../../arm-none-eabi/lib/thumb/v7-m/libnosys.a
END GROUP
START GROUP
LOAD /opt/st/stm32cubeide_1.4.0/plugins/com.st.stm32cube.ide.mcu.externaltools.gnu-tools-for-stm32.7-2018-q2-update.linux64_1.4.0.202007081208/tools/bin/../lib/gcc/arm-none-eabi/7.3.1/thumb/v7-m/libgcc.a
LOAD /opt/st/stm32cubeide_1.4.0/plugins/com.st.stm32cube.ide.mcu.externaltools.gnu-tools-for-stm32.7-2018-q2-update.linux64_1.4.0.202007081208/tools/bin/../lib/gcc/arm-none-eabi/7.3.1/../../../../arm-none-eabi/lib/thumb/v7-m/libc_nano.a
LOAD /opt/st/stm32cubeide_1.4.0/plugins/com.st.stm32cube.ide.mcu.externaltools.gnu-tools-for-stm32.7-2018-q2-update.linux64_1.4.0.202007081208/tools/bin/../lib/gcc/arm-none-eabi/7.3.1/../../../../arm-none-eabi/lib/thumb/v7-m/libnosys.a
END GROUP
LOAD /opt/st/stm32cubeide_1.4.0/plugins/com.st.stm32cube.ide.mcu.externaltools.gnu-tools-for-stm32.7-2018-q2-update.linux64_1.4.0.202007081208/tools/bin/../lib/gcc/arm-none-eabi/7.3.1/thumb/v7-m/crtend.o
LOAD /opt/st/stm32cubeide_1.4.0/plugins/com.st.stm32cube.ide.mcu.externaltools.gnu-tools-for-stm32.7-2018-q2-update.linux64_1.4.0.202007081208/tools/bin/../lib/gcc/arm-none-eabi/7.3.1/thumb/v7-m/crtn.o
                0x0000000020005000                _estack = (ORIGIN (RAM) + LENGTH (RAM))
                0x0000000000000200                _Min_Heap_Size = 0x200
                0x0000000000000400                _Min_Stack_Size = 0x400

.isr_vector     0x0000000008004c00      0x10c
                0x0000000008004c00                . = ALIGN (0x4)
 *(.isr_vector)
 .isr_vector    0x0000000008004c00      0x10c Core/Startup/startup_stm32f103c8tx.o
                0x0000000008004c00                g_pfnVectors
                0x0000000008004d0c                . = ALIGN (0x4)

.text           0x0000000008004d0c     0x3e64
                0x0000000008004d0c                . = ALIGN (0x4)
 *(.text)
 .text          0x0000000008004d0c       0x40 /opt/st/stm32cubeide_1.4.0/plugins/com.st.stm32cube.ide.mcu.externaltools.gnu-tools-for-stm32.7-2018-q2-update.linux64_1.4.0.202007081208/tools/bin/../lib/gcc/arm-none-eabi/7.3.1/thumb/v7-m/crtbegin.o
 .text          0x0000000008004d4c       0x14 /opt/st/stm32cubeide_1.4.0/plugins/com.st.stm32cube.ide.mcu.externaltools.gnu-tools-for-stm32.7-2018-q2-update.linux64_1.4.0.202007081208/tools/bin/../lib/gcc/arm-none-eabi/7.3.1/../../../../arm-none-eabi/lib/thumb/v7-m/libc_nano.a(lib_a-strcmp.o)
                0x0000000008004d4c                strcmp
 *(.text*)
 .text.GetPage  0x0000000008004d60       0x4e Core/Src/FlASH_PAGE_F1.o
 *fill*         0x0000000008004dae        0x2 
 .text.Flash_Write_Data
                0x0000000008004db0       0xb8 Core/Src/FlASH_PAGE_F1.o
                0x0000000008004db0                Flash_Write_Data
 .text.Flash_Read_Data
                0x0000000008004e68       0x3a Core/Src/FlASH_PAGE_F1.o
                0x0000000008004e68                Flash_Read_Data
 *fill*         0x0000000008004ea2        0x2 
 .text.__NVIC_SetPriority
                0x0000000008004ea4       0x54 Core/Src/main.o
 .text.__NVIC_SystemReset
                0x0000000008004ef8       0x28 Core/Src/main.o
 .text.SysTick_Config
                0x0000000008004f20       0x44 Core/Src/main.o
 .text.HAL_CAN_RxFifo0MsgPendingCallback
                0x0000000008004f64      0x13c Core/Src/main.o
                0x0000000008004f64                HAL_CAN_RxFifo0MsgPendingCallback
 .text.main     0x00000000080050a0      0x224 Core/Src/main.o
                0x00000000080050a0                main
 .text.SystemClock_Config
                0x00000000080052c4       0x74 Core/Src/main.o
                0x00000000080052c4                SystemClock_Config
 .text.MX_CAN_Init
                0x0000000008005338       0x6c Core/Src/main.o
 .text.MX_I2C1_Init
                0x00000000080053a4       0x5c Core/Src/main.o
 .text.MX_GPIO_Init
                0x0000000008005400       0xf4 Core/Src/main.o
 .text.app_switch_state
                0x00000000080054f4      0x1a8 Core/Src/main.o
 .text.app_write_on_screen
                0x000000000800569c       0x6c Core/Src/main.o
 .text.app_fill_array_with_str
                0x0000000008005708       0x42 Core/Src/main.o
 *fill*         0x000000000800574a        0x2 
 .text.app_tx_over_can
                0x000000000800574c       0x6c Core/Src/main.o
 .text.Error_Handler
                0x00000000080057b8        0x8 Core/Src/main.o
                0x00000000080057b8                Error_Handler
 .text.SSD1306_Init
                0x00000000080057c0      0x188 Core/Src/ssd1306.o
                0x00000000080057c0                SSD1306_Init
 .text.SSD1306_UpdateScreen
                0x0000000008005948       0x5c Core/Src/ssd1306.o
                0x0000000008005948                SSD1306_UpdateScreen
 .text.SSD1306_Fill
                0x00000000080059a4       0x30 Core/Src/ssd1306.o
                0x00000000080059a4                SSD1306_Fill
 .text.SSD1306_DrawPixel
                0x00000000080059d4       0xbc Core/Src/ssd1306.o
                0x00000000080059d4                SSD1306_DrawPixel
 .text.SSD1306_GotoXY
                0x0000000008005a90       0x2c Core/Src/ssd1306.o
                0x0000000008005a90                SSD1306_GotoXY
 .text.SSD1306_Putc
                0x0000000008005abc      0x100 Core/Src/ssd1306.o
                0x0000000008005abc                SSD1306_Putc
 .text.SSD1306_Puts
                0x0000000008005bbc       0x4a Core/Src/ssd1306.o
                0x0000000008005bbc                SSD1306_Puts
 .text.SSD1306_Clear
                0x0000000008005c06       0x12 Core/Src/ssd1306.o
                0x0000000008005c06                SSD1306_Clear
 .text.ssd1306_I2C_Init
                0x0000000008005c18       0x28 Core/Src/ssd1306.o
                0x0000000008005c18                ssd1306_I2C_Init
 .text.ssd1306_I2C_WriteMulti
                0x0000000008005c40       0x90 Core/Src/ssd1306.o
                0x0000000008005c40                ssd1306_I2C_WriteMulti
 .text.ssd1306_I2C_Write
                0x0000000008005cd0       0x3c Core/Src/ssd1306.o
                0x0000000008005cd0                ssd1306_I2C_Write
 .text.HAL_MspInit
                0x0000000008005d0c       0x64 Core/Src/stm32f1xx_hal_msp.o
                0x0000000008005d0c                HAL_MspInit
 .text.HAL_CAN_MspInit
                0x0000000008005d70       0xa8 Core/Src/stm32f1xx_hal_msp.o
                0x0000000008005d70                HAL_CAN_MspInit
 .text.HAL_I2C_MspInit
                0x0000000008005e18       0x7c Core/Src/stm32f1xx_hal_msp.o
                0x0000000008005e18                HAL_I2C_MspInit
 .text.NMI_Handler
                0x0000000008005e94        0x6 Core/Src/stm32f1xx_it.o
                0x0000000008005e94                NMI_Handler
 .text.HardFault_Handler
                0x0000000008005e9a        0x6 Core/Src/stm32f1xx_it.o
                0x0000000008005e9a                HardFault_Handler
 .text.MemManage_Handler
                0x0000000008005ea0        0x6 Core/Src/stm32f1xx_it.o
                0x0000000008005ea0                MemManage_Handler
 .text.BusFault_Handler
                0x0000000008005ea6        0x6 Core/Src/stm32f1xx_it.o
                0x0000000008005ea6                BusFault_Handler
 .text.UsageFault_Handler
                0x0000000008005eac        0x6 Core/Src/stm32f1xx_it.o
                0x0000000008005eac                UsageFault_Handler
 .text.SVC_Handler
                0x0000000008005eb2        0xc Core/Src/stm32f1xx_it.o
                0x0000000008005eb2                SVC_Handler
 .text.DebugMon_Handler
                0x0000000008005ebe        0xc Core/Src/stm32f1xx_it.o
                0x0000000008005ebe                DebugMon_Handler
 .text.PendSV_Handler
                0x0000000008005eca        0xc Core/Src/stm32f1xx_it.o
                0x0000000008005eca                PendSV_Handler
 *fill*         0x0000000008005ed6        0x2 
 .text.SysTick_Handler
                0x0000000008005ed8       0x1c Core/Src/stm32f1xx_it.o
                0x0000000008005ed8                SysTick_Handler
 .text.USB_LP_CAN1_RX0_IRQHandler
                0x0000000008005ef4       0x14 Core/Src/stm32f1xx_it.o
                0x0000000008005ef4                USB_LP_CAN1_RX0_IRQHandler
 .text.SystemInit
                0x0000000008005f08        0xc Core/Src/system_stm32f1xx.o
                0x0000000008005f08                SystemInit
 .text.SystemCoreClockUpdate
                0x0000000008005f14       0xd8 Core/Src/system_stm32f1xx.o
                0x0000000008005f14                SystemCoreClockUpdate
 .text.Reset_Handler
                0x0000000008005fec       0x48 Core/Startup/startup_stm32f103c8tx.o
                0x0000000008005fec                Reset_Handler
 .text.Default_Handler
                0x0000000008006034        0x2 Core/Startup/startup_stm32f103c8tx.o
                0x0000000008006034                RTC_Alarm_IRQHandler
                0x0000000008006034                EXTI2_IRQHandler
                0x0000000008006034                TIM1_CC_IRQHandler
                0x0000000008006034                PVD_IRQHandler
                0x0000000008006034                EXTI3_IRQHandler
                0x0000000008006034                EXTI0_IRQHandler
                0x0000000008006034                I2C2_EV_IRQHandler
                0x0000000008006034                ADC1_2_IRQHandler
                0x0000000008006034                SPI1_IRQHandler
                0x0000000008006034                TAMPER_IRQHandler
                0x0000000008006034                DMA1_Channel4_IRQHandler
                0x0000000008006034                USART3_IRQHandler
                0x0000000008006034                RTC_IRQHandler
                0x0000000008006034                DMA1_Channel7_IRQHandler
                0x0000000008006034                CAN1_RX1_IRQHandler
                0x0000000008006034                TIM4_IRQHandler
                0x0000000008006034                I2C1_EV_IRQHandler
                0x0000000008006034                DMA1_Channel6_IRQHandler
                0x0000000008006034                TIM3_IRQHandler
                0x0000000008006034                RCC_IRQHandler
                0x0000000008006034                TIM1_TRG_COM_IRQHandler
                0x0000000008006034                DMA1_Channel1_IRQHandler
                0x0000000008006034                Default_Handler
                0x0000000008006034                EXTI15_10_IRQHandler
                0x0000000008006034                EXTI9_5_IRQHandler
                0x0000000008006034                SPI2_IRQHandler
                0x0000000008006034                DMA1_Channel5_IRQHandler
                0x0000000008006034                EXTI4_IRQHandler
                0x0000000008006034                USB_HP_CAN1_TX_IRQHandler
                0x0000000008006034                DMA1_Channel3_IRQHandler
                0x0000000008006034                TIM1_UP_IRQHandler
                0x0000000008006034                WWDG_IRQHandler
                0x0000000008006034                TIM2_IRQHandler
                0x0000000008006034                TIM1_BRK_IRQHandler
                0x0000000008006034                EXTI1_IRQHandler
                0x0000000008006034                USART2_IRQHandler
                0x0000000008006034                I2C2_ER_IRQHandler
                0x0000000008006034                DMA1_Channel2_IRQHandler
                0x0000000008006034                CAN1_SCE_IRQHandler
                0x0000000008006034                FLASH_IRQHandler
                0x0000000008006034                USART1_IRQHandler
                0x0000000008006034                I2C1_ER_IRQHandler
                0x0000000008006034                USBWakeUp_IRQHandler
 *fill*         0x0000000008006036        0x2 
 .text.HAL_Init
                0x0000000008006038       0x2c Drivers/STM32F1xx_HAL_Driver/Src/stm32f1xx_hal.o
                0x0000000008006038                HAL_Init
 .text.HAL_InitTick
                0x0000000008006064       0x60 Drivers/STM32F1xx_HAL_Driver/Src/stm32f1xx_hal.o
                0x0000000008006064                HAL_InitTick
 .text.HAL_IncTick
                0x00000000080060c4       0x24 Drivers/STM32F1xx_HAL_Driver/Src/stm32f1xx_hal.o
                0x00000000080060c4                HAL_IncTick
 .text.HAL_GetTick
                0x00000000080060e8       0x14 Drivers/STM32F1xx_HAL_Driver/Src/stm32f1xx_hal.o
                0x00000000080060e8                HAL_GetTick
 .text.HAL_Delay
                0x00000000080060fc       0x44 Drivers/STM32F1xx_HAL_Driver/Src/stm32f1xx_hal.o
                0x00000000080060fc                HAL_Delay
 .text.HAL_CAN_Init
                0x0000000008006140      0x1f6 Drivers/STM32F1xx_HAL_Driver/Src/stm32f1xx_hal_can.o
                0x0000000008006140                HAL_CAN_Init
 .text.HAL_CAN_ConfigFilter
                0x0000000008006336      0x192 Drivers/STM32F1xx_HAL_Driver/Src/stm32f1xx_hal_can.o
                0x0000000008006336                HAL_CAN_ConfigFilter
 .text.HAL_CAN_Start
                0x00000000080064c8       0x88 Drivers/STM32F1xx_HAL_Driver/Src/stm32f1xx_hal_can.o
                0x00000000080064c8                HAL_CAN_Start
 .text.HAL_CAN_AddTxMessage
                0x0000000008006550      0x19e Drivers/STM32F1xx_HAL_Driver/Src/stm32f1xx_hal_can.o
                0x0000000008006550                HAL_CAN_AddTxMessage
 .text.HAL_CAN_GetTxMailboxesFreeLevel
                0x00000000080066ee       0x68 Drivers/STM32F1xx_HAL_Driver/Src/stm32f1xx_hal_can.o
                0x00000000080066ee                HAL_CAN_GetTxMailboxesFreeLevel
 .text.HAL_CAN_GetRxMessage
                0x0000000008006756      0x242 Drivers/STM32F1xx_HAL_Driver/Src/stm32f1xx_hal_can.o
                0x0000000008006756                HAL_CAN_GetRxMessage
 .text.HAL_CAN_ActivateNotification
                0x0000000008006998       0x4a Drivers/STM32F1xx_HAL_Driver/Src/stm32f1xx_hal_can.o
                0x0000000008006998                HAL_CAN_ActivateNotification
 .text.HAL_CAN_IRQHandler
                0x00000000080069e2      0x362 Drivers/STM32F1xx_HAL_Driver/Src/stm32f1xx_hal_can.o
                0x00000000080069e2                HAL_CAN_IRQHandler
 .text.HAL_CAN_TxMailbox0CompleteCallback
                0x0000000008006d44       0x12 Drivers/STM32F1xx_HAL_Driver/Src/stm32f1xx_hal_can.o
                0x0000000008006d44                HAL_CAN_TxMailbox0CompleteCallback
 .text.HAL_CAN_TxMailbox1CompleteCallback
                0x0000000008006d56       0x12 Drivers/STM32F1xx_HAL_Driver/Src/stm32f1xx_hal_can.o
                0x0000000008006d56                HAL_CAN_TxMailbox1CompleteCallback
 .text.HAL_CAN_TxMailbox2CompleteCallback
                0x0000000008006d68       0x12 Drivers/STM32F1xx_HAL_Driver/Src/stm32f1xx_hal_can.o
                0x0000000008006d68                HAL_CAN_TxMailbox2CompleteCallback
 .text.HAL_CAN_TxMailbox0AbortCallback
                0x0000000008006d7a       0x12 Drivers/STM32F1xx_HAL_Driver/Src/stm32f1xx_hal_can.o
                0x0000000008006d7a                HAL_CAN_TxMailbox0AbortCallback
 .text.HAL_CAN_TxMailbox1AbortCallback
                0x0000000008006d8c       0x12 Drivers/STM32F1xx_HAL_Driver/Src/stm32f1xx_hal_can.o
                0x0000000008006d8c                HAL_CAN_TxMailbox1AbortCallback
 .text.HAL_CAN_TxMailbox2AbortCallback
                0x0000000008006d9e       0x12 Drivers/STM32F1xx_HAL_Driver/Src/stm32f1xx_hal_can.o
                0x0000000008006d9e                HAL_CAN_TxMailbox2AbortCallback
 .text.HAL_CAN_RxFifo0FullCallback
                0x0000000008006db0       0x12 Drivers/STM32F1xx_HAL_Driver/Src/stm32f1xx_hal_can.o
                0x0000000008006db0                HAL_CAN_RxFifo0FullCallback
 .text.HAL_CAN_RxFifo1MsgPendingCallback
                0x0000000008006dc2       0x12 Drivers/STM32F1xx_HAL_Driver/Src/stm32f1xx_hal_can.o
                0x0000000008006dc2                HAL_CAN_RxFifo1MsgPendingCallback
 .text.HAL_CAN_RxFifo1FullCallback
                0x0000000008006dd4       0x12 Drivers/STM32F1xx_HAL_Driver/Src/stm32f1xx_hal_can.o
                0x0000000008006dd4                HAL_CAN_RxFifo1FullCallback
 .text.HAL_CAN_SleepCallback
                0x0000000008006de6       0x12 Drivers/STM32F1xx_HAL_Driver/Src/stm32f1xx_hal_can.o
                0x0000000008006de6                HAL_CAN_SleepCallback
 .text.HAL_CAN_WakeUpFromRxMsgCallback
                0x0000000008006df8       0x12 Drivers/STM32F1xx_HAL_Driver/Src/stm32f1xx_hal_can.o
                0x0000000008006df8                HAL_CAN_WakeUpFromRxMsgCallback
 .text.HAL_CAN_ErrorCallback
                0x0000000008006e0a       0x12 Drivers/STM32F1xx_HAL_Driver/Src/stm32f1xx_hal_can.o
                0x0000000008006e0a                HAL_CAN_ErrorCallback
 .text.__NVIC_SetPriorityGrouping
                0x0000000008006e1c       0x48 Drivers/STM32F1xx_HAL_Driver/Src/stm32f1xx_hal_cortex.o
 .text.__NVIC_GetPriorityGrouping
                0x0000000008006e64       0x1c Drivers/STM32F1xx_HAL_Driver/Src/stm32f1xx_hal_cortex.o
 .text.__NVIC_EnableIRQ
                0x0000000008006e80       0x38 Drivers/STM32F1xx_HAL_Driver/Src/stm32f1xx_hal_cortex.o
 .text.__NVIC_SetPriority
                0x0000000008006eb8       0x54 Drivers/STM32F1xx_HAL_Driver/Src/stm32f1xx_hal_cortex.o
 .text.NVIC_EncodePriority
                0x0000000008006f0c       0x64 Drivers/STM32F1xx_HAL_Driver/Src/stm32f1xx_hal_cortex.o
 .text.SysTick_Config
                0x0000000008006f70       0x44 Drivers/STM32F1xx_HAL_Driver/Src/stm32f1xx_hal_cortex.o
 .text.HAL_NVIC_SetPriorityGrouping
                0x0000000008006fb4       0x16 Drivers/STM32F1xx_HAL_Driver/Src/stm32f1xx_hal_cortex.o
                0x0000000008006fb4                HAL_NVIC_SetPriorityGrouping
 .text.HAL_NVIC_SetPriority
                0x0000000008006fca       0x38 Drivers/STM32F1xx_HAL_Driver/Src/stm32f1xx_hal_cortex.o
                0x0000000008006fca                HAL_NVIC_SetPriority
 .text.HAL_NVIC_EnableIRQ
                0x0000000008007002       0x1c Drivers/STM32F1xx_HAL_Driver/Src/stm32f1xx_hal_cortex.o
                0x0000000008007002                HAL_NVIC_EnableIRQ
 .text.HAL_SYSTICK_Config
                0x000000000800701e       0x18 Drivers/STM32F1xx_HAL_Driver/Src/stm32f1xx_hal_cortex.o
                0x000000000800701e                HAL_SYSTICK_Config
 *fill*         0x0000000008007036        0x2 
 .text.HAL_FLASH_Program
                0x0000000008007038       0xe0 Drivers/STM32F1xx_HAL_Driver/Src/stm32f1xx_hal_flash.o
                0x0000000008007038                HAL_FLASH_Program
 .text.HAL_FLASH_Unlock
                0x0000000008007118       0x4c Drivers/STM32F1xx_HAL_Driver/Src/stm32f1xx_hal_flash.o
                0x0000000008007118                HAL_FLASH_Unlock
 .text.HAL_FLASH_Lock
                0x0000000008007164       0x20 Drivers/STM32F1xx_HAL_Driver/Src/stm32f1xx_hal_flash.o
                0x0000000008007164                HAL_FLASH_Lock
 .text.HAL_FLASH_GetError
                0x0000000008007184       0x14 Drivers/STM32F1xx_HAL_Driver/Src/stm32f1xx_hal_flash.o
                0x0000000008007184                HAL_FLASH_GetError
 .text.FLASH_Program_HalfWord
                0x0000000008007198       0x38 Drivers/STM32F1xx_HAL_Driver/Src/stm32f1xx_hal_flash.o
 .text.FLASH_WaitForLastOperation
                0x00000000080071d0       0x8c Drivers/STM32F1xx_HAL_Driver/Src/stm32f1xx_hal_flash.o
                0x00000000080071d0                FLASH_WaitForLastOperation
 .text.FLASH_SetErrorCode
                0x000000000800725c       0xa0 Drivers/STM32F1xx_HAL_Driver/Src/stm32f1xx_hal_flash.o
 .text.HAL_FLASHEx_Erase
                0x00000000080072fc       0xd8 Drivers/STM32F1xx_HAL_Driver/Src/stm32f1xx_hal_flash_ex.o
                0x00000000080072fc                HAL_FLASHEx_Erase
 .text.FLASH_MassErase
                0x00000000080073d4       0x38 Drivers/STM32F1xx_HAL_Driver/Src/stm32f1xx_hal_flash_ex.o
 .text.FLASH_PageErase
                0x000000000800740c       0x40 Drivers/STM32F1xx_HAL_Driver/Src/stm32f1xx_hal_flash_ex.o
                0x000000000800740c                FLASH_PageErase
 .text.HAL_GPIO_Init
                0x000000000800744c      0x2b4 Drivers/STM32F1xx_HAL_Driver/Src/stm32f1xx_hal_gpio.o
                0x000000000800744c                HAL_GPIO_Init
 .text.HAL_GPIO_ReadPin
                0x0000000008007700       0x2e Drivers/STM32F1xx_HAL_Driver/Src/stm32f1xx_hal_gpio.o
                0x0000000008007700                HAL_GPIO_ReadPin
 .text.HAL_GPIO_WritePin
                0x000000000800772e       0x30 Drivers/STM32F1xx_HAL_Driver/Src/stm32f1xx_hal_gpio.o
                0x000000000800772e                HAL_GPIO_WritePin
 .text.HAL_GPIO_TogglePin
                0x000000000800775e       0x32 Drivers/STM32F1xx_HAL_Driver/Src/stm32f1xx_hal_gpio.o
                0x000000000800775e                HAL_GPIO_TogglePin
 .text.HAL_I2C_Init
                0x0000000008007790      0x270 Drivers/STM32F1xx_HAL_Driver/Src/stm32f1xx_hal_i2c.o
                0x0000000008007790                HAL_I2C_Init
 .text.HAL_I2C_Master_Transmit
                0x0000000008007a00      0x1fc Drivers/STM32F1xx_HAL_Driver/Src/stm32f1xx_hal_i2c.o
                0x0000000008007a00                HAL_I2C_Master_Transmit
 .text.HAL_I2C_IsDeviceReady
                0x0000000008007bfc      0x25c Drivers/STM32F1xx_HAL_Driver/Src/stm32f1xx_hal_i2c.o
                0x0000000008007bfc                HAL_I2C_IsDeviceReady
 .text.I2C_MasterRequestWrite
                0x0000000008007e58      0x104 Drivers/STM32F1xx_HAL_Driver/Src/stm32f1xx_hal_i2c.o
 .text.I2C_WaitOnFlagUntilTimeout
                0x0000000008007f5c       0xf4 Drivers/STM32F1xx_HAL_Driver/Src/stm32f1xx_hal_i2c.o
 .text.I2C_WaitOnMasterAddressFlagUntilTimeout
                0x0000000008008050      0x140 Drivers/STM32F1xx_HAL_Driver/Src/stm32f1xx_hal_i2c.o
 .text.I2C_WaitOnTXEFlagUntilTimeout
                0x0000000008008190       0x90 Drivers/STM32F1xx_HAL_Driver/Src/stm32f1xx_hal_i2c.o
 .text.I2C_WaitOnBTFFlagUntilTimeout
                0x0000000008008220       0x90 Drivers/STM32F1xx_HAL_Driver/Src/stm32f1xx_hal_i2c.o
 .text.I2C_IsAcknowledgeFailed
                0x00000000080082b0       0x5c Drivers/STM32F1xx_HAL_Driver/Src/stm32f1xx_hal_i2c.o
 .text.HAL_RCC_OscConfig
                0x000000000800830c      0x500 Drivers/STM32F1xx_HAL_Driver/Src/stm32f1xx_hal_rcc.o
                0x000000000800830c                HAL_RCC_OscConfig
 .text.HAL_RCC_ClockConfig
                0x000000000800880c      0x1d4 Drivers/STM32F1xx_HAL_Driver/Src/stm32f1xx_hal_rcc.o
                0x000000000800880c                HAL_RCC_ClockConfig
 .text.HAL_RCC_GetSysClockFreq
                0x00000000080089e0       0xa8 Drivers/STM32F1xx_HAL_Driver/Src/stm32f1xx_hal_rcc.o
                0x00000000080089e0                HAL_RCC_GetSysClockFreq
 .text.HAL_RCC_GetHCLKFreq
                0x0000000008008a88       0x14 Drivers/STM32F1xx_HAL_Driver/Src/stm32f1xx_hal_rcc.o
                0x0000000008008a88                HAL_RCC_GetHCLKFreq
 .text.HAL_RCC_GetPCLK1Freq
                0x0000000008008a9c       0x28 Drivers/STM32F1xx_HAL_Driver/Src/stm32f1xx_hal_rcc.o
                0x0000000008008a9c                HAL_RCC_GetPCLK1Freq
 .text.RCC_Delay
                0x0000000008008ac4       0x3c Drivers/STM32F1xx_HAL_Driver/Src/stm32f1xx_hal_rcc.o
 .text.__libc_init_array
                0x0000000008008b00       0x48 /opt/st/stm32cubeide_1.4.0/plugins/com.st.stm32cube.ide.mcu.externaltools.gnu-tools-for-stm32.7-2018-q2-update.linux64_1.4.0.202007081208/tools/bin/../lib/gcc/arm-none-eabi/7.3.1/../../../../arm-none-eabi/lib/thumb/v7-m/libc_nano.a(lib_a-init.o)
                0x0000000008008b00                __libc_init_array
 .text.memset   0x0000000008008b48       0x10 /opt/st/stm32cubeide_1.4.0/plugins/com.st.stm32cube.ide.mcu.externaltools.gnu-tools-for-stm32.7-2018-q2-update.linux64_1.4.0.202007081208/tools/bin/../lib/gcc/arm-none-eabi/7.3.1/../../../../arm-none-eabi/lib/thumb/v7-m/libc_nano.a(lib_a-memset.o)
                0x0000000008008b48                memset
 *(.glue_7)
 .glue_7        0x0000000008008b58        0x0 linker stubs
 *(.glue_7t)
 .glue_7t       0x0000000008008b58        0x0 linker stubs
 *(.eh_frame)
 .eh_frame      0x0000000008008b58        0x0 /opt/st/stm32cubeide_1.4.0/plugins/com.st.stm32cube.ide.mcu.externaltools.gnu-tools-for-stm32.7-2018-q2-update.linux64_1.4.0.202007081208/tools/bin/../lib/gcc/arm-none-eabi/7.3.1/thumb/v7-m/crtbegin.o
 *(.init)
 .init          0x0000000008008b58        0x4 /opt/st/stm32cubeide_1.4.0/plugins/com.st.stm32cube.ide.mcu.externaltools.gnu-tools-for-stm32.7-2018-q2-update.linux64_1.4.0.202007081208/tools/bin/../lib/gcc/arm-none-eabi/7.3.1/thumb/v7-m/crti.o
                0x0000000008008b58                _init
 .init          0x0000000008008b5c        0x8 /opt/st/stm32cubeide_1.4.0/plugins/com.st.stm32cube.ide.mcu.externaltools.gnu-tools-for-stm32.7-2018-q2-update.linux64_1.4.0.202007081208/tools/bin/../lib/gcc/arm-none-eabi/7.3.1/thumb/v7-m/crtn.o
 *(.fini)
 .fini          0x0000000008008b64        0x4 /opt/st/stm32cubeide_1.4.0/plugins/com.st.stm32cube.ide.mcu.externaltools.gnu-tools-for-stm32.7-2018-q2-update.linux64_1.4.0.202007081208/tools/bin/../lib/gcc/arm-none-eabi/7.3.1/thumb/v7-m/crti.o
                0x0000000008008b64                _fini
 .fini          0x0000000008008b68        0x8 /opt/st/stm32cubeide_1.4.0/plugins/com.st.stm32cube.ide.mcu.externaltools.gnu-tools-for-stm32.7-2018-q2-update.linux64_1.4.0.202007081208/tools/bin/../lib/gcc/arm-none-eabi/7.3.1/thumb/v7-m/crtn.o
                0x0000000008008b70                . = ALIGN (0x4)
                0x0000000008008b70                _etext = .

.vfp11_veneer   0x0000000008008b70        0x0
 .vfp11_veneer  0x0000000008008b70        0x0 linker stubs

.v4_bx          0x0000000008008b70        0x0
 .v4_bx         0x0000000008008b70        0x0 linker stubs

.iplt           0x0000000008008b70        0x0
 .iplt          0x0000000008008b70        0x0 /opt/st/stm32cubeide_1.4.0/plugins/com.st.stm32cube.ide.mcu.externaltools.gnu-tools-for-stm32.7-2018-q2-update.linux64_1.4.0.202007081208/tools/bin/../lib/gcc/arm-none-eabi/7.3.1/thumb/v7-m/crtbegin.o

.rodata         0x0000000008008b70      0x900
                0x0000000008008b70                . = ALIGN (0x4)
 *(.rodata)
 .rodata        0x0000000008008b70      0x166 Core/Src/main.o
 *(.rodata*)
 *fill*         0x0000000008008cd6        0x2 
 .rodata.Font7x10
                0x0000000008008cd8      0x76c Core/Src/fonts.o
                0x0000000008008cd8                Font7x10
 .rodata.AHBPrescTable
                0x0000000008009444       0x10 Core/Src/system_stm32f1xx.o
                0x0000000008009444                AHBPrescTable
 .rodata.APBPrescTable
                0x0000000008009454        0x8 Core/Src/system_stm32f1xx.o
                0x0000000008009454                APBPrescTable
 .rodata.aPLLMULFactorTable.5854
                0x000000000800945c       0x10 Drivers/STM32F1xx_HAL_Driver/Src/stm32f1xx_hal_rcc.o
 .rodata.aPredivFactorTable.5855
                0x000000000800946c        0x2 Drivers/STM32F1xx_HAL_Driver/Src/stm32f1xx_hal_rcc.o
                0x0000000008009470                . = ALIGN (0x4)
 *fill*         0x000000000800946e        0x2 

.rel.dyn        0x0000000008009470        0x0
 .rel.iplt      0x0000000008009470        0x0 /opt/st/stm32cubeide_1.4.0/plugins/com.st.stm32cube.ide.mcu.externaltools.gnu-tools-for-stm32.7-2018-q2-update.linux64_1.4.0.202007081208/tools/bin/../lib/gcc/arm-none-eabi/7.3.1/thumb/v7-m/crtbegin.o

.ARM.extab      0x0000000008009470        0x0
                0x0000000008009470                . = ALIGN (0x4)
 *(.ARM.extab* .gnu.linkonce.armextab.*)
                0x0000000008009470                . = ALIGN (0x4)

.ARM            0x0000000008009470        0x0
                0x0000000008009470                . = ALIGN (0x4)
                0x0000000008009470                __exidx_start = .
 *(.ARM.exidx*)
                0x0000000008009470                __exidx_end = .
                0x0000000008009470                . = ALIGN (0x4)

.preinit_array  0x0000000008009470        0x0
                0x0000000008009470                . = ALIGN (0x4)
                0x0000000008009470                PROVIDE (__preinit_array_start = .)
 *(.preinit_array*)
                0x0000000008009470                PROVIDE (__preinit_array_end = .)
                0x0000000008009470                . = ALIGN (0x4)

.init_array     0x0000000008009470        0x4
                0x0000000008009470                . = ALIGN (0x4)
                0x0000000008009470                PROVIDE (__init_array_start = .)
 *(SORT_BY_NAME(.init_array.*))
 *(.init_array*)
 .init_array    0x0000000008009470        0x4 /opt/st/stm32cubeide_1.4.0/plugins/com.st.stm32cube.ide.mcu.externaltools.gnu-tools-for-stm32.7-2018-q2-update.linux64_1.4.0.202007081208/tools/bin/../lib/gcc/arm-none-eabi/7.3.1/thumb/v7-m/crtbegin.o
                0x0000000008009474                PROVIDE (__init_array_end = .)
                0x0000000008009474                . = ALIGN (0x4)
                0x0000000008009474                . = ALIGN (0x4)
                [!provide]                        PROVIDE (__init_array_start = .)
 *(SORT_BY_NAME(.init_array.*))
 *(.init_array*)
                [!provide]                        PROVIDE (__init_array_end = .)
                0x0000000008009474                . = ALIGN (0x4)

.fini_array     0x0000000008009474        0x4
                0x0000000008009474                . = ALIGN (0x4)
                [!provide]                        PROVIDE (__fini_array_start = .)
 *(SORT_BY_NAME(.fini_array.*))
 *(.fini_array*)
 .fini_array    0x0000000008009474        0x4 /opt/st/stm32cubeide_1.4.0/plugins/com.st.stm32cube.ide.mcu.externaltools.gnu-tools-for-stm32.7-2018-q2-update.linux64_1.4.0.202007081208/tools/bin/../lib/gcc/arm-none-eabi/7.3.1/thumb/v7-m/crtbegin.o
                [!provide]                        PROVIDE (__fini_array_end = .)
                0x0000000008009478                . = ALIGN (0x4)
                0x0000000008009478                _sidata = LOADADDR (.data)

.data           0x0000000020000000       0x14 load address 0x0000000008009478
                0x0000000020000000                . = ALIGN (0x4)
                0x0000000020000000                _sdata = .
 *(.data)
 *(.data*)
 .data.Font_7x10
                0x0000000020000000        0x8 Core/Src/fonts.o
                0x0000000020000000                Font_7x10
 .data.SystemCoreClock
                0x0000000020000008        0x4 Core/Src/system_stm32f1xx.o
                0x0000000020000008                SystemCoreClock
 .data.uwTickPrio
                0x000000002000000c        0x4 Drivers/STM32F1xx_HAL_Driver/Src/stm32f1xx_hal.o
                0x000000002000000c                uwTickPrio
 .data.uwTickFreq
                0x0000000020000010        0x1 Drivers/STM32F1xx_HAL_Driver/Src/stm32f1xx_hal.o
                0x0000000020000010                uwTickFreq
 *(.RamFunc)
 *(.RamFunc*)
                0x0000000020000014                . = ALIGN (0x4)
 *fill*         0x0000000020000011        0x3 
                0x0000000020000014                _edata = .

.igot.plt       0x0000000020000014        0x0 load address 0x000000000800948c
 .igot.plt      0x0000000020000014        0x0 /opt/st/stm32cubeide_1.4.0/plugins/com.st.stm32cube.ide.mcu.externaltools.gnu-tools-for-stm32.7-2018-q2-update.linux64_1.4.0.202007081208/tools/bin/../lib/gcc/arm-none-eabi/7.3.1/thumb/v7-m/crtbegin.o
                0x0000000020000014                . = ALIGN (0x4)

.bss            0x0000000020000018     0x20b0 load address 0x000000000800948c
                0x0000000020000018                _sbss = .
                0x0000000020000018                __bss_start__ = _sbss
 *(.bss)
 .bss           0x0000000020000018       0x1c /opt/st/stm32cubeide_1.4.0/plugins/com.st.stm32cube.ide.mcu.externaltools.gnu-tools-for-stm32.7-2018-q2-update.linux64_1.4.0.202007081208/tools/bin/../lib/gcc/arm-none-eabi/7.3.1/thumb/v7-m/crtbegin.o
 *(.bss*)
 .bss.EraseInitStruct.7026
                0x0000000020000034       0x10 Core/Src/FlASH_PAGE_F1.o
 .bss.bool_gs_new_version_available
                0x0000000020000044        0x1 Core/Src/main.o
 .bss.en_gs_app_state
                0x0000000020000045        0x1 Core/Src/main.o
 *fill*         0x0000000020000046        0x2 
 .bss.update_data_arr
                0x0000000020000048     0x1b58 Core/Src/main.o
                0x0000000020000048                update_data_arr
 .bss.u32_gs_rec_count
                0x0000000020001ba0        0x4 Core/Src/main.o
 .bss.u32_gs_update_size
                0x0000000020001ba4        0x4 Core/Src/main.o
 .bss.SSD1306_Buffer
                0x0000000020001ba8      0x400 Core/Src/ssd1306.o
 .bss.SSD1306   0x0000000020001fa8        0x6 Core/Src/ssd1306.o
 *(COMMON)
 *fill*         0x0000000020001fae        0x2 
 COMMON         0x0000000020001fb0       0xf0 Core/Src/main.o
                0x0000000020001fb0                un_gs_RxConv
                0x0000000020001fb8                hi2c1
                0x000000002000200c                hcan
                0x0000000020002034                FilterConfig
                0x000000002000205c                TxData
                0x0000000020002064                button_pressed
                0x0000000020002068                TxMailbox
                0x000000002000206c                TxHeader
                0x0000000020002084                RxHeader
 COMMON         0x00000000200020a0        0x4 Drivers/STM32F1xx_HAL_Driver/Src/stm32f1xx_hal.o
                0x00000000200020a0                uwTick
 *fill*         0x00000000200020a4        0x4 
 COMMON         0x00000000200020a8       0x20 Drivers/STM32F1xx_HAL_Driver/Src/stm32f1xx_hal_flash.o
                0x00000000200020a8                pFlash
                0x00000000200020c8                . = ALIGN (0x4)
                0x00000000200020c8                _ebss = .
                0x00000000200020c8                __bss_end__ = _ebss

._user_heap_stack
                0x00000000200020c8      0x600 load address 0x000000000800948c
                0x00000000200020c8                . = ALIGN (0x8)
                [!provide]                        PROVIDE (end = .)
                0x00000000200020c8                PROVIDE (_end = .)
                0x00000000200022c8                . = (. + _Min_Heap_Size)
 *fill*         0x00000000200020c8      0x200 
                0x00000000200026c8                . = (. + _Min_Stack_Size)
 *fill*         0x00000000200022c8      0x400 
                0x00000000200026c8                . = ALIGN (0x8)

/DISCARD/
 libc.a(*)
 libm.a(*)
 libgcc.a(*)

.ARM.attributes
                0x0000000000000000       0x29
 *(.ARM.attributes)
 .ARM.attributes
                0x0000000000000000       0x1d /opt/st/stm32cubeide_1.4.0/plugins/com.st.stm32cube.ide.mcu.externaltools.gnu-tools-for-stm32.7-2018-q2-update.linux64_1.4.0.202007081208/tools/bin/../lib/gcc/arm-none-eabi/7.3.1/thumb/v7-m/crti.o
 .ARM.attributes
                0x000000000000001d       0x2d /opt/st/stm32cubeide_1.4.0/plugins/com.st.stm32cube.ide.mcu.externaltools.gnu-tools-for-stm32.7-2018-q2-update.linux64_1.4.0.202007081208/tools/bin/../lib/gcc/arm-none-eabi/7.3.1/thumb/v7-m/crtbegin.o
 .ARM.attributes
                0x000000000000004a       0x33 Core/Src/FlASH_PAGE_F1.o
 .ARM.attributes
                0x000000000000007d       0x33 Core/Src/fonts.o
 .ARM.attributes
                0x00000000000000b0       0x33 Core/Src/main.o
 .ARM.attributes
                0x00000000000000e3       0x33 Core/Src/ssd1306.o
 .ARM.attributes
                0x0000000000000116       0x33 Core/Src/stm32f1xx_hal_msp.o
 .ARM.attributes
                0x0000000000000149       0x33 Core/Src/stm32f1xx_it.o
 .ARM.attributes
                0x000000000000017c       0x33 Core/Src/system_stm32f1xx.o
 .ARM.attributes
                0x00000000000001af       0x21 Core/Startup/startup_stm32f103c8tx.o
 .ARM.attributes
                0x00000000000001d0       0x33 Drivers/STM32F1xx_HAL_Driver/Src/stm32f1xx_hal.o
 .ARM.attributes
                0x0000000000000203       0x33 Drivers/STM32F1xx_HAL_Driver/Src/stm32f1xx_hal_can.o
 .ARM.attributes
                0x0000000000000236       0x33 Drivers/STM32F1xx_HAL_Driver/Src/stm32f1xx_hal_cortex.o
 .ARM.attributes
                0x0000000000000269       0x33 Drivers/STM32F1xx_HAL_Driver/Src/stm32f1xx_hal_flash.o
 .ARM.attributes
                0x000000000000029c       0x33 Drivers/STM32F1xx_HAL_Driver/Src/stm32f1xx_hal_flash_ex.o
 .ARM.attributes
                0x00000000000002cf       0x33 Drivers/STM32F1xx_HAL_Driver/Src/stm32f1xx_hal_gpio.o
 .ARM.attributes
                0x0000000000000302       0x33 Drivers/STM32F1xx_HAL_Driver/Src/stm32f1xx_hal_i2c.o
 .ARM.attributes
                0x0000000000000335       0x33 Drivers/STM32F1xx_HAL_Driver/Src/stm32f1xx_hal_rcc.o
 .ARM.attributes
                0x0000000000000368       0x2d /opt/st/stm32cubeide_1.4.0/plugins/com.st.stm32cube.ide.mcu.externaltools.gnu-tools-for-stm32.7-2018-q2-update.linux64_1.4.0.202007081208/tools/bin/../lib/gcc/arm-none-eabi/7.3.1/../../../../arm-none-eabi/lib/thumb/v7-m/libc_nano.a(lib_a-init.o)
 .ARM.attributes
                0x0000000000000395       0x2d /opt/st/stm32cubeide_1.4.0/plugins/com.st.stm32cube.ide.mcu.externaltools.gnu-tools-for-stm32.7-2018-q2-update.linux64_1.4.0.202007081208/tools/bin/../lib/gcc/arm-none-eabi/7.3.1/../../../../arm-none-eabi/lib/thumb/v7-m/libc_nano.a(lib_a-memset.o)
 .ARM.attributes
                0x00000000000003c2       0x1b /opt/st/stm32cubeide_1.4.0/plugins/com.st.stm32cube.ide.mcu.externaltools.gnu-tools-for-stm32.7-2018-q2-update.linux64_1.4.0.202007081208/tools/bin/../lib/gcc/arm-none-eabi/7.3.1/../../../../arm-none-eabi/lib/thumb/v7-m/libc_nano.a(lib_a-strcmp.o)
 .ARM.attributes
                0x00000000000003dd       0x1d /opt/st/stm32cubeide_1.4.0/plugins/com.st.stm32cube.ide.mcu.externaltools.gnu-tools-for-stm32.7-2018-q2-update.linux64_1.4.0.202007081208/tools/bin/../lib/gcc/arm-none-eabi/7.3.1/thumb/v7-m/crtn.o
OUTPUT(firmware_application.elf elf32-littlearm)

.debug_info     0x0000000000000000     0xcc87
 .debug_info    0x0000000000000000      0xd04 Core/Src/FlASH_PAGE_F1.o
 .debug_info    0x0000000000000d04      0xb1c Core/Src/fonts.o
 .debug_info    0x0000000000001820     0x208e Core/Src/main.o
 .debug_info    0x00000000000038ae     0x1885 Core/Src/ssd1306.o
 .debug_info    0x0000000000005133      0xe2c Core/Src/stm32f1xx_hal_msp.o
 .debug_info    0x0000000000005f5f      0x63d Core/Src/stm32f1xx_it.o
 .debug_info    0x000000000000659c      0x29a Core/Src/system_stm32f1xx.o
 .debug_info    0x0000000000006836       0x22 Core/Startup/startup_stm32f103c8tx.o
 .debug_info    0x0000000000006858      0x714 Drivers/STM32F1xx_HAL_Driver/Src/stm32f1xx_hal.o
 .debug_info    0x0000000000006f6c      0xfb7 Drivers/STM32F1xx_HAL_Driver/Src/stm32f1xx_hal_can.o
 .debug_info    0x0000000000007f23      0xb51 Drivers/STM32F1xx_HAL_Driver/Src/stm32f1xx_hal_cortex.o
 .debug_info    0x0000000000008a74      0x5a4 Drivers/STM32F1xx_HAL_Driver/Src/stm32f1xx_hal_flash.o
 .debug_info    0x0000000000009018      0x827 Drivers/STM32F1xx_HAL_Driver/Src/stm32f1xx_hal_flash_ex.o
 .debug_info    0x000000000000983f      0x69b Drivers/STM32F1xx_HAL_Driver/Src/stm32f1xx_hal_gpio.o
 .debug_info    0x0000000000009eda     0x2599 Drivers/STM32F1xx_HAL_Driver/Src/stm32f1xx_hal_i2c.o
 .debug_info    0x000000000000c473      0x814 Drivers/STM32F1xx_HAL_Driver/Src/stm32f1xx_hal_rcc.o

.debug_abbrev   0x0000000000000000     0x20aa
 .debug_abbrev  0x0000000000000000      0x264 Core/Src/FlASH_PAGE_F1.o
 .debug_abbrev  0x0000000000000264      0x1de Core/Src/fonts.o
 .debug_abbrev  0x0000000000000442      0x394 Core/Src/main.o
 .debug_abbrev  0x00000000000007d6      0x314 Core/Src/ssd1306.o
 .debug_abbrev  0x0000000000000aea      0x1cf Core/Src/stm32f1xx_hal_msp.o
 .debug_abbrev  0x0000000000000cb9      0x17b Core/Src/stm32f1xx_it.o
 .debug_abbrev  0x0000000000000e34      0x134 Core/Src/system_stm32f1xx.o
 .debug_abbrev  0x0000000000000f68       0x12 Core/Startup/startup_stm32f103c8tx.o
 .debug_abbrev  0x0000000000000f7a      0x1c7 Drivers/STM32F1xx_HAL_Driver/Src/stm32f1xx_hal.o
 .debug_abbrev  0x0000000000001141      0x20e Drivers/STM32F1xx_HAL_Driver/Src/stm32f1xx_hal_can.o
 .debug_abbrev  0x000000000000134f      0x2d5 Drivers/STM32F1xx_HAL_Driver/Src/stm32f1xx_hal_cortex.o
 .debug_abbrev  0x0000000000001624      0x210 Drivers/STM32F1xx_HAL_Driver/Src/stm32f1xx_hal_flash.o
 .debug_abbrev  0x0000000000001834      0x21b Drivers/STM32F1xx_HAL_Driver/Src/stm32f1xx_hal_flash_ex.o
 .debug_abbrev  0x0000000000001a4f      0x1c0 Drivers/STM32F1xx_HAL_Driver/Src/stm32f1xx_hal_gpio.o
 .debug_abbrev  0x0000000000001c0f      0x258 Drivers/STM32F1xx_HAL_Driver/Src/stm32f1xx_hal_i2c.o
 .debug_abbrev  0x0000000000001e67      0x243 Drivers/STM32F1xx_HAL_Driver/Src/stm32f1xx_hal_rcc.o

.debug_aranges  0x0000000000000000      0xab8
 .debug_aranges
                0x0000000000000000       0x58 Core/Src/FlASH_PAGE_F1.o
 .debug_aranges
                0x0000000000000058       0x20 Core/Src/fonts.o
 .debug_aranges
                0x0000000000000078       0x88 Core/Src/main.o
 .debug_aranges
                0x0000000000000100       0xf8 Core/Src/ssd1306.o
 .debug_aranges
                0x00000000000001f8       0x40 Core/Src/stm32f1xx_hal_msp.o
 .debug_aranges
                0x0000000000000238       0x68 Core/Src/stm32f1xx_it.o
 .debug_aranges
                0x00000000000002a0       0x28 Core/Src/system_stm32f1xx.o
 .debug_aranges
                0x00000000000002c8       0x28 Core/Startup/startup_stm32f103c8tx.o
 .debug_aranges
                0x00000000000002f0       0xe0 Drivers/STM32F1xx_HAL_Driver/Src/stm32f1xx_hal.o
 .debug_aranges
                0x00000000000003d0      0x138 Drivers/STM32F1xx_HAL_Driver/Src/stm32f1xx_hal_can.o
 .debug_aranges
                0x0000000000000508      0x100 Drivers/STM32F1xx_HAL_Driver/Src/stm32f1xx_hal_cortex.o
 .debug_aranges
                0x0000000000000608       0x88 Drivers/STM32F1xx_HAL_Driver/Src/stm32f1xx_hal_flash.o
 .debug_aranges
                0x0000000000000690       0x98 Drivers/STM32F1xx_HAL_Driver/Src/stm32f1xx_hal_flash_ex.o
 .debug_aranges
                0x0000000000000728       0x58 Drivers/STM32F1xx_HAL_Driver/Src/stm32f1xx_hal_gpio.o
 .debug_aranges
                0x0000000000000780      0x2a8 Drivers/STM32F1xx_HAL_Driver/Src/stm32f1xx_hal_i2c.o
 .debug_aranges
                0x0000000000000a28       0x90 Drivers/STM32F1xx_HAL_Driver/Src/stm32f1xx_hal_rcc.o

.debug_ranges   0x0000000000000000      0x9d8
 .debug_ranges  0x0000000000000000       0x48 Core/Src/FlASH_PAGE_F1.o
 .debug_ranges  0x0000000000000048       0x10 Core/Src/fonts.o
 .debug_ranges  0x0000000000000058       0x78 Core/Src/main.o
 .debug_ranges  0x00000000000000d0       0xe8 Core/Src/ssd1306.o
 .debug_ranges  0x00000000000001b8       0x30 Core/Src/stm32f1xx_hal_msp.o
 .debug_ranges  0x00000000000001e8       0x58 Core/Src/stm32f1xx_it.o
 .debug_ranges  0x0000000000000240       0x18 Core/Src/system_stm32f1xx.o
 .debug_ranges  0x0000000000000258       0x20 Core/Startup/startup_stm32f103c8tx.o
 .debug_ranges  0x0000000000000278       0xd0 Drivers/STM32F1xx_HAL_Driver/Src/stm32f1xx_hal.o
 .debug_ranges  0x0000000000000348      0x128 Drivers/STM32F1xx_HAL_Driver/Src/stm32f1xx_hal_can.o
 .debug_ranges  0x0000000000000470       0xf0 Drivers/STM32F1xx_HAL_Driver/Src/stm32f1xx_hal_cortex.o
 .debug_ranges  0x0000000000000560       0x78 Drivers/STM32F1xx_HAL_Driver/Src/stm32f1xx_hal_flash.o
 .debug_ranges  0x00000000000005d8       0x88 Drivers/STM32F1xx_HAL_Driver/Src/stm32f1xx_hal_flash_ex.o
 .debug_ranges  0x0000000000000660       0x48 Drivers/STM32F1xx_HAL_Driver/Src/stm32f1xx_hal_gpio.o
 .debug_ranges  0x00000000000006a8      0x2b0 Drivers/STM32F1xx_HAL_Driver/Src/stm32f1xx_hal_i2c.o
 .debug_ranges  0x0000000000000958       0x80 Drivers/STM32F1xx_HAL_Driver/Src/stm32f1xx_hal_rcc.o

.debug_macro    0x0000000000000000    0x17da6
 .debug_macro   0x0000000000000000      0x328 Core/Src/FlASH_PAGE_F1.o
 .debug_macro   0x0000000000000328      0xa5a Core/Src/FlASH_PAGE_F1.o
 .debug_macro   0x0000000000000d82      0x21b Core/Src/FlASH_PAGE_F1.o
 .debug_macro   0x0000000000000f9d       0x2e Core/Src/FlASH_PAGE_F1.o
 .debug_macro   0x0000000000000fcb       0x22 Core/Src/FlASH_PAGE_F1.o
 .debug_macro   0x0000000000000fed       0x22 Core/Src/FlASH_PAGE_F1.o
 .debug_macro   0x000000000000100f       0x8e Core/Src/FlASH_PAGE_F1.o
 .debug_macro   0x000000000000109d       0x51 Core/Src/FlASH_PAGE_F1.o
 .debug_macro   0x00000000000010ee       0xef Core/Src/FlASH_PAGE_F1.o
 .debug_macro   0x00000000000011dd       0x6a Core/Src/FlASH_PAGE_F1.o
 .debug_macro   0x0000000000001247      0x1df Core/Src/FlASH_PAGE_F1.o
 .debug_macro   0x0000000000001426       0x1c Core/Src/FlASH_PAGE_F1.o
 .debug_macro   0x0000000000001442       0x22 Core/Src/FlASH_PAGE_F1.o
 .debug_macro   0x0000000000001464       0xc3 Core/Src/FlASH_PAGE_F1.o
 .debug_macro   0x0000000000001527      0xd23 Core/Src/FlASH_PAGE_F1.o
 .debug_macro   0x000000000000224a     0xe09e Core/Src/FlASH_PAGE_F1.o
 .debug_macro   0x00000000000102e8       0x6d Core/Src/FlASH_PAGE_F1.o
 .debug_macro   0x0000000000010355     0x348d Core/Src/FlASH_PAGE_F1.o
 .debug_macro   0x00000000000137e2      0x174 Core/Src/FlASH_PAGE_F1.o
 .debug_macro   0x0000000000013956       0x5c Core/Src/FlASH_PAGE_F1.o
 .debug_macro   0x00000000000139b2      0x5bc Core/Src/FlASH_PAGE_F1.o
 .debug_macro   0x0000000000013f6e      0x289 Core/Src/FlASH_PAGE_F1.o
 .debug_macro   0x00000000000141f7      0x1cb Core/Src/FlASH_PAGE_F1.o
 .debug_macro   0x00000000000143c2      0x114 Core/Src/FlASH_PAGE_F1.o
 .debug_macro   0x00000000000144d6      0x1b2 Core/Src/FlASH_PAGE_F1.o
 .debug_macro   0x0000000000014688       0x27 Core/Src/FlASH_PAGE_F1.o
 .debug_macro   0x00000000000146af      0x136 Core/Src/FlASH_PAGE_F1.o
 .debug_macro   0x00000000000147e5      0x1bc Core/Src/FlASH_PAGE_F1.o
 .debug_macro   0x00000000000149a1       0x34 Core/Src/FlASH_PAGE_F1.o
 .debug_macro   0x00000000000149d5       0x3c Core/Src/FlASH_PAGE_F1.o
 .debug_macro   0x0000000000014a11      0x408 Core/Src/FlASH_PAGE_F1.o
 .debug_macro   0x0000000000014e19       0x57 Core/Src/FlASH_PAGE_F1.o
 .debug_macro   0x0000000000014e70       0x87 Core/Src/FlASH_PAGE_F1.o
 .debug_macro   0x0000000000014ef7      0x240 Core/Src/FlASH_PAGE_F1.o
 .debug_macro   0x0000000000015137      0x287 Core/Src/FlASH_PAGE_F1.o
 .debug_macro   0x00000000000153be      0x140 Core/Src/FlASH_PAGE_F1.o
 .debug_macro   0x00000000000154fe       0x83 Core/Src/FlASH_PAGE_F1.o
 .debug_macro   0x0000000000015581       0x46 Core/Src/FlASH_PAGE_F1.o
 .debug_macro   0x00000000000155c7       0x18 Core/Src/FlASH_PAGE_F1.o
 .debug_macro   0x00000000000155df       0x3c Core/Src/FlASH_PAGE_F1.o
 .debug_macro   0x000000000001561b       0x34 Core/Src/FlASH_PAGE_F1.o
 .debug_macro   0x000000000001564f       0x52 Core/Src/FlASH_PAGE_F1.o
 .debug_macro   0x00000000000156a1       0x1f Core/Src/FlASH_PAGE_F1.o
 .debug_macro   0x00000000000156c0       0x43 Core/Src/FlASH_PAGE_F1.o
 .debug_macro   0x0000000000015703       0x20 Core/Src/FlASH_PAGE_F1.o
 .debug_macro   0x0000000000015723      0x1a3 Core/Src/FlASH_PAGE_F1.o
 .debug_macro   0x00000000000158c6      0x32a Core/Src/FlASH_PAGE_F1.o
 .debug_macro   0x0000000000015bf0       0x10 Core/Src/FlASH_PAGE_F1.o
 .debug_macro   0x0000000000015c00       0x35 Core/Src/FlASH_PAGE_F1.o
 .debug_macro   0x0000000000015c35       0x20 Core/Src/FlASH_PAGE_F1.o
 .debug_macro   0x0000000000015c55       0x1c Core/Src/FlASH_PAGE_F1.o
 .debug_macro   0x0000000000015c71       0x10 Core/Src/FlASH_PAGE_F1.o
 .debug_macro   0x0000000000015c81       0x10 Core/Src/FlASH_PAGE_F1.o
 .debug_macro   0x0000000000015c91       0x1c Core/Src/FlASH_PAGE_F1.o
 .debug_macro   0x0000000000015cad       0x52 Core/Src/FlASH_PAGE_F1.o
 .debug_macro   0x0000000000015cff       0x40 Core/Src/FlASH_PAGE_F1.o
 .debug_macro   0x0000000000015d3f       0x10 Core/Src/FlASH_PAGE_F1.o
 .debug_macro   0x0000000000015d4f       0x40 Core/Src/FlASH_PAGE_F1.o
 .debug_macro   0x0000000000015d8f       0xd7 Core/Src/FlASH_PAGE_F1.o
 .debug_macro   0x0000000000015e66       0x1c Core/Src/FlASH_PAGE_F1.o
 .debug_macro   0x0000000000015e82       0x3d Core/Src/FlASH_PAGE_F1.o
 .debug_macro   0x0000000000015ebf       0x16 Core/Src/FlASH_PAGE_F1.o
 .debug_macro   0x0000000000015ed5      0x145 Core/Src/FlASH_PAGE_F1.o
 .debug_macro   0x000000000001601a      0x263 Core/Src/fonts.o
 .debug_macro   0x000000000001627d      0x3af Core/Src/main.o
 .debug_macro   0x000000000001662c       0xfb Core/Src/main.o
 .debug_macro   0x0000000000016727       0x16 Core/Src/main.o
 .debug_macro   0x000000000001673d       0x16 Core/Src/main.o
 .debug_macro   0x0000000000016753       0x3a Core/Src/main.o
 .debug_macro   0x000000000001678d       0x16 Core/Src/main.o
 .debug_macro   0x00000000000167a3       0x16 Core/Src/main.o
 .debug_macro   0x00000000000167b9       0x29 Core/Src/main.o
 .debug_macro   0x00000000000167e2       0x1d Core/Src/main.o
 .debug_macro   0x00000000000167ff      0x2ee Core/Src/ssd1306.o
 .debug_macro   0x0000000000016aed      0x1a7 Core/Src/stm32f1xx_hal_msp.o
 .debug_macro   0x0000000000016c94      0x1b1 Core/Src/stm32f1xx_it.o
 .debug_macro   0x0000000000016e45      0x198 Core/Src/system_stm32f1xx.o
 .debug_macro   0x0000000000016fdd      0x1bc Drivers/STM32F1xx_HAL_Driver/Src/stm32f1xx_hal.o
 .debug_macro   0x0000000000017199      0x1a0 Drivers/STM32F1xx_HAL_Driver/Src/stm32f1xx_hal_can.o
 .debug_macro   0x0000000000017339      0x198 Drivers/STM32F1xx_HAL_Driver/Src/stm32f1xx_hal_cortex.o
 .debug_macro   0x00000000000174d1      0x198 Drivers/STM32F1xx_HAL_Driver/Src/stm32f1xx_hal_flash.o
 .debug_macro   0x0000000000017669      0x1aa Drivers/STM32F1xx_HAL_Driver/Src/stm32f1xx_hal_flash_ex.o
 .debug_macro   0x0000000000017813      0x203 Drivers/STM32F1xx_HAL_Driver/Src/stm32f1xx_hal_gpio.o
 .debug_macro   0x0000000000017a16      0x1e6 Drivers/STM32F1xx_HAL_Driver/Src/stm32f1xx_hal_i2c.o
 .debug_macro   0x0000000000017bfc      0x1aa Drivers/STM32F1xx_HAL_Driver/Src/stm32f1xx_hal_rcc.o

.debug_line     0x0000000000000000     0x9600
 .debug_line    0x0000000000000000      0x924 Core/Src/FlASH_PAGE_F1.o
 .debug_line    0x0000000000000924      0x779 Core/Src/fonts.o
 .debug_line    0x000000000000109d      0xafd Core/Src/main.o
 .debug_line    0x0000000000001b9a      0xc21 Core/Src/ssd1306.o
 .debug_line    0x00000000000027bb      0x69b Core/Src/stm32f1xx_hal_msp.o
 .debug_line    0x0000000000002e56      0x6f3 Core/Src/stm32f1xx_it.o
 .debug_line    0x0000000000003549      0x660 Core/Src/system_stm32f1xx.o
 .debug_line    0x0000000000003ba9       0x86 Core/Startup/startup_stm32f103c8tx.o
 .debug_line    0x0000000000003c2f      0x813 Drivers/STM32F1xx_HAL_Driver/Src/stm32f1xx_hal.o
 .debug_line    0x0000000000004442      0xae1 Drivers/STM32F1xx_HAL_Driver/Src/stm32f1xx_hal_can.o
 .debug_line    0x0000000000004f23      0x8ea Drivers/STM32F1xx_HAL_Driver/Src/stm32f1xx_hal_cortex.o
 .debug_line    0x000000000000580d      0x82e Drivers/STM32F1xx_HAL_Driver/Src/stm32f1xx_hal_flash.o
 .debug_line    0x000000000000603b      0x87d Drivers/STM32F1xx_HAL_Driver/Src/stm32f1xx_hal_flash_ex.o
 .debug_line    0x00000000000068b8      0x80f Drivers/STM32F1xx_HAL_Driver/Src/stm32f1xx_hal_gpio.o
 .debug_line    0x00000000000070c7     0x1c66 Drivers/STM32F1xx_HAL_Driver/Src/stm32f1xx_hal_i2c.o
 .debug_line    0x0000000000008d2d      0x8d3 Drivers/STM32F1xx_HAL_Driver/Src/stm32f1xx_hal_rcc.o

.debug_str      0x0000000000000000    0x86845
 .debug_str     0x0000000000000000    0x825a0 Core/Src/FlASH_PAGE_F1.o
                                      0x82998 (size before relaxing)
 .debug_str     0x00000000000825a0       0xb4 Core/Src/fonts.o
                                      0x816b1 (size before relaxing)
 .debug_str     0x0000000000082654     0x1b04 Core/Src/main.o
                                      0x844c2 (size before relaxing)
 .debug_str     0x0000000000084158      0x500 Core/Src/ssd1306.o
                                      0x82154 (size before relaxing)
 .debug_str     0x0000000000084658       0x99 Core/Src/stm32f1xx_hal_msp.o
                                      0x7fa62 (size before relaxing)
 .debug_str     0x00000000000846f1       0xbd Core/Src/stm32f1xx_it.o
                                      0x7f327 (size before relaxing)
 .debug_str     0x00000000000847ae       0x52 Core/Src/system_stm32f1xx.o
                                      0x7e6f9 (size before relaxing)
 .debug_str     0x0000000000084800       0x36 Core/Startup/startup_stm32f103c8tx.o
                                         0x8a (size before relaxing)
 .debug_str     0x0000000000084836      0x2ec Drivers/STM32F1xx_HAL_Driver/Src/stm32f1xx_hal.o
                                      0x7ed8a (size before relaxing)
 .debug_str     0x0000000000084b22      0x456 Drivers/STM32F1xx_HAL_Driver/Src/stm32f1xx_hal_can.o
                                      0x7ef19 (size before relaxing)
 .debug_str     0x0000000000084f78      0x225 Drivers/STM32F1xx_HAL_Driver/Src/stm32f1xx_hal_cortex.o
                                      0x7ed92 (size before relaxing)
 .debug_str     0x000000000008519d      0x286 Drivers/STM32F1xx_HAL_Driver/Src/stm32f1xx_hal_flash.o
                                      0x7e9cf (size before relaxing)
 .debug_str     0x0000000000085423      0x32e Drivers/STM32F1xx_HAL_Driver/Src/stm32f1xx_hal_flash_ex.o
                                      0x7eb93 (size before relaxing)
 .debug_str     0x0000000000085751      0x311 Drivers/STM32F1xx_HAL_Driver/Src/stm32f1xx_hal_gpio.o
                                      0x7eabd (size before relaxing)
 .debug_str     0x0000000000085a62      0xb9f Drivers/STM32F1xx_HAL_Driver/Src/stm32f1xx_hal_i2c.o
                                      0x7f788 (size before relaxing)
 .debug_str     0x0000000000086601      0x244 Drivers/STM32F1xx_HAL_Driver/Src/stm32f1xx_hal_rcc.o
                                      0x7eaf6 (size before relaxing)

.comment        0x0000000000000000       0x7b
 .comment       0x0000000000000000       0x7b Core/Src/FlASH_PAGE_F1.o
                                         0x7c (size before relaxing)
 .comment       0x000000000000007b       0x7c Core/Src/fonts.o
 .comment       0x000000000000007b       0x7c Core/Src/main.o
 .comment       0x000000000000007b       0x7c Core/Src/ssd1306.o
 .comment       0x000000000000007b       0x7c Core/Src/stm32f1xx_hal_msp.o
 .comment       0x000000000000007b       0x7c Core/Src/stm32f1xx_it.o
 .comment       0x000000000000007b       0x7c Core/Src/system_stm32f1xx.o
 .comment       0x000000000000007b       0x7c Drivers/STM32F1xx_HAL_Driver/Src/stm32f1xx_hal.o
 .comment       0x000000000000007b       0x7c Drivers/STM32F1xx_HAL_Driver/Src/stm32f1xx_hal_can.o
 .comment       0x000000000000007b       0x7c Drivers/STM32F1xx_HAL_Driver/Src/stm32f1xx_hal_cortex.o
 .comment       0x000000000000007b       0x7c Drivers/STM32F1xx_HAL_Driver/Src/stm32f1xx_hal_flash.o
 .comment       0x000000000000007b       0x7c Drivers/STM32F1xx_HAL_Driver/Src/stm32f1xx_hal_flash_ex.o
 .comment       0x000000000000007b       0x7c Drivers/STM32F1xx_HAL_Driver/Src/stm32f1xx_hal_gpio.o
 .comment       0x000000000000007b       0x7c Drivers/STM32F1xx_HAL_Driver/Src/stm32f1xx_hal_i2c.o
 .comment       0x000000000000007b       0x7c Drivers/STM32F1xx_HAL_Driver/Src/stm32f1xx_hal_rcc.o

.debug_frame    0x0000000000000000     0x2b74
 .debug_frame   0x0000000000000000      0x148 Core/Src/FlASH_PAGE_F1.o
 .debug_frame   0x0000000000000148       0x38 Core/Src/fonts.o
 .debug_frame   0x0000000000000180      0x1e4 Core/Src/main.o
 .debug_frame   0x0000000000000364      0x414 Core/Src/ssd1306.o
 .debug_frame   0x0000000000000778       0xc8 Core/Src/stm32f1xx_hal_msp.o
 .debug_frame   0x0000000000000840      0x120 Core/Src/stm32f1xx_it.o
 .debug_frame   0x0000000000000960       0x58 Core/Src/system_stm32f1xx.o
 .debug_frame   0x00000000000009b8      0x334 Drivers/STM32F1xx_HAL_Driver/Src/stm32f1xx_hal.o
 .debug_frame   0x0000000000000cec      0x5a0 Drivers/STM32F1xx_HAL_Driver/Src/stm32f1xx_hal_can.o
 .debug_frame   0x000000000000128c      0x428 Drivers/STM32F1xx_HAL_Driver/Src/stm32f1xx_hal_cortex.o
 .debug_frame   0x00000000000016b4      0x214 Drivers/STM32F1xx_HAL_Driver/Src/stm32f1xx_hal_flash.o
 .debug_frame   0x00000000000018c8      0x258 Drivers/STM32F1xx_HAL_Driver/Src/stm32f1xx_hal_flash_ex.o
 .debug_frame   0x0000000000001b20      0x14c Drivers/STM32F1xx_HAL_Driver/Src/stm32f1xx_hal_gpio.o
 .debug_frame   0x0000000000001c6c      0xc84 Drivers/STM32F1xx_HAL_Driver/Src/stm32f1xx_hal_i2c.o
 .debug_frame   0x00000000000028f0      0x218 Drivers/STM32F1xx_HAL_Driver/Src/stm32f1xx_hal_rcc.o
 .debug_frame   0x0000000000002b08       0x2c /opt/st/stm32cubeide_1.4.0/plugins/com.st.stm32cube.ide.mcu.externaltools.gnu-tools-for-stm32.7-2018-q2-update.linux64_1.4.0.202007081208/tools/bin/../lib/gcc/arm-none-eabi/7.3.1/../../../../arm-none-eabi/lib/thumb/v7-m/libc_nano.a(lib_a-init.o)
 .debug_frame   0x0000000000002b34       0x20 /opt/st/stm32cubeide_1.4.0/plugins/com.st.stm32cube.ide.mcu.externaltools.gnu-tools-for-stm32.7-2018-q2-update.linux64_1.4.0.202007081208/tools/bin/../lib/gcc/arm-none-eabi/7.3.1/../../../../arm-none-eabi/lib/thumb/v7-m/libc_nano.a(lib_a-memset.o)
 .debug_frame   0x0000000000002b54       0x20 /opt/st/stm32cubeide_1.4.0/plugins/com.st.stm32cube.ide.mcu.externaltools.gnu-tools-for-stm32.7-2018-q2-update.linux64_1.4.0.202007081208/tools/bin/../lib/gcc/arm-none-eabi/7.3.1/../../../../arm-none-eabi/lib/thumb/v7-m/libc_nano.a(lib_a-strcmp.o)
