Archive member included to satisfy reference by file (symbol)

C:/ST/STM32CubeIDE_1.13.1/STM32CubeIDE/plugins/com.st.stm32cube.ide.mcu.externaltools.gnu-tools-for-stm32.11.3.rel1.win32_1.1.0.202305231506/tools/bin/../lib/gcc/arm-none-eabi/11.3.1/../../../../arm-none-eabi/lib/thumb/v7-m/nofp\libc_nano.a(libc_a-exit.o)
                              C:/ST/STM32CubeIDE_1.13.1/STM32CubeIDE/plugins/com.st.stm32cube.ide.mcu.externaltools.gnu-tools-for-stm32.11.3.rel1.win32_1.1.0.202305231506/tools/bin/../lib/gcc/arm-none-eabi/11.3.1/../../../../arm-none-eabi/lib/thumb/v7-m/nofp/crt0.o (exit)
C:/ST/STM32CubeIDE_1.13.1/STM32CubeIDE/plugins/com.st.stm32cube.ide.mcu.externaltools.gnu-tools-for-stm32.11.3.rel1.win32_1.1.0.202305231506/tools/bin/../lib/gcc/arm-none-eabi/11.3.1/../../../../arm-none-eabi/lib/thumb/v7-m/nofp\libc_nano.a(libc_a-findfp.o)
                              C:/ST/STM32CubeIDE_1.13.1/STM32CubeIDE/plugins/com.st.stm32cube.ide.mcu.externaltools.gnu-tools-for-stm32.11.3.rel1.win32_1.1.0.202305231506/tools/bin/../lib/gcc/arm-none-eabi/11.3.1/../../../../arm-none-eabi/lib/thumb/v7-m/nofp\libc_nano.a(libc_a-exit.o) (__stdio_exit_handler)
C:/ST/STM32CubeIDE_1.13.1/STM32CubeIDE/plugins/com.st.stm32cube.ide.mcu.externaltools.gnu-tools-for-stm32.11.3.rel1.win32_1.1.0.202305231506/tools/bin/../lib/gcc/arm-none-eabi/11.3.1/../../../../arm-none-eabi/lib/thumb/v7-m/nofp\libc_nano.a(libc_a-fwalk.o)
                              C:/ST/STM32CubeIDE_1.13.1/STM32CubeIDE/plugins/com.st.stm32cube.ide.mcu.externaltools.gnu-tools-for-stm32.11.3.rel1.win32_1.1.0.202305231506/tools/bin/../lib/gcc/arm-none-eabi/11.3.1/../../../../arm-none-eabi/lib/thumb/v7-m/nofp\libc_nano.a(libc_a-findfp.o) (_fwalk_sglue)
C:/ST/STM32CubeIDE_1.13.1/STM32CubeIDE/plugins/com.st.stm32cube.ide.mcu.externaltools.gnu-tools-for-stm32.11.3.rel1.win32_1.1.0.202305231506/tools/bin/../lib/gcc/arm-none-eabi/11.3.1/../../../../arm-none-eabi/lib/thumb/v7-m/nofp\libc_nano.a(libc_a-stdio.o)
                              C:/ST/STM32CubeIDE_1.13.1/STM32CubeIDE/plugins/com.st.stm32cube.ide.mcu.externaltools.gnu-tools-for-stm32.11.3.rel1.win32_1.1.0.202305231506/tools/bin/../lib/gcc/arm-none-eabi/11.3.1/../../../../arm-none-eabi/lib/thumb/v7-m/nofp\libc_nano.a(libc_a-findfp.o) (__sread)
C:/ST/STM32CubeIDE_1.13.1/STM32CubeIDE/plugins/com.st.stm32cube.ide.mcu.externaltools.gnu-tools-for-stm32.11.3.rel1.win32_1.1.0.202305231506/tools/bin/../lib/gcc/arm-none-eabi/11.3.1/../../../../arm-none-eabi/lib/thumb/v7-m/nofp\libc_nano.a(libc_a-memset.o)
                              C:/ST/STM32CubeIDE_1.13.1/STM32CubeIDE/plugins/com.st.stm32cube.ide.mcu.externaltools.gnu-tools-for-stm32.11.3.rel1.win32_1.1.0.202305231506/tools/bin/../lib/gcc/arm-none-eabi/11.3.1/../../../../arm-none-eabi/lib/thumb/v7-m/nofp/crt0.o (memset)
C:/ST/STM32CubeIDE_1.13.1/STM32CubeIDE/plugins/com.st.stm32cube.ide.mcu.externaltools.gnu-tools-for-stm32.11.3.rel1.win32_1.1.0.202305231506/tools/bin/../lib/gcc/arm-none-eabi/11.3.1/../../../../arm-none-eabi/lib/thumb/v7-m/nofp\libc_nano.a(libc_a-closer.o)
                              C:/ST/STM32CubeIDE_1.13.1/STM32CubeIDE/plugins/com.st.stm32cube.ide.mcu.externaltools.gnu-tools-for-stm32.11.3.rel1.win32_1.1.0.202305231506/tools/bin/../lib/gcc/arm-none-eabi/11.3.1/../../../../arm-none-eabi/lib/thumb/v7-m/nofp\libc_nano.a(libc_a-stdio.o) (_close_r)
C:/ST/STM32CubeIDE_1.13.1/STM32CubeIDE/plugins/com.st.stm32cube.ide.mcu.externaltools.gnu-tools-for-stm32.11.3.rel1.win32_1.1.0.202305231506/tools/bin/../lib/gcc/arm-none-eabi/11.3.1/../../../../arm-none-eabi/lib/thumb/v7-m/nofp\libc_nano.a(libc_a-reent.o)
                              C:/ST/STM32CubeIDE_1.13.1/STM32CubeIDE/plugins/com.st.stm32cube.ide.mcu.externaltools.gnu-tools-for-stm32.11.3.rel1.win32_1.1.0.202305231506/tools/bin/../lib/gcc/arm-none-eabi/11.3.1/../../../../arm-none-eabi/lib/thumb/v7-m/nofp\libc_nano.a(libc_a-closer.o) (errno)
C:/ST/STM32CubeIDE_1.13.1/STM32CubeIDE/plugins/com.st.stm32cube.ide.mcu.externaltools.gnu-tools-for-stm32.11.3.rel1.win32_1.1.0.202305231506/tools/bin/../lib/gcc/arm-none-eabi/11.3.1/../../../../arm-none-eabi/lib/thumb/v7-m/nofp\libc_nano.a(libc_a-impure.o)
                              C:/ST/STM32CubeIDE_1.13.1/STM32CubeIDE/plugins/com.st.stm32cube.ide.mcu.externaltools.gnu-tools-for-stm32.11.3.rel1.win32_1.1.0.202305231506/tools/bin/../lib/gcc/arm-none-eabi/11.3.1/../../../../arm-none-eabi/lib/thumb/v7-m/nofp\libc_nano.a(libc_a-reent.o) (_impure_ptr)
C:/ST/STM32CubeIDE_1.13.1/STM32CubeIDE/plugins/com.st.stm32cube.ide.mcu.externaltools.gnu-tools-for-stm32.11.3.rel1.win32_1.1.0.202305231506/tools/bin/../lib/gcc/arm-none-eabi/11.3.1/../../../../arm-none-eabi/lib/thumb/v7-m/nofp\libc_nano.a(libc_a-lseekr.o)
[...]
Memory Configuration

Name             Origin             Length             Attributes
RAM              0x0000000020000000 0x0000000000005000 xrw
FLASH            0x0000000008004c00 0x0000000000006000 xr
*default*        0x0000000000000000 0xffffffffffffffff

Linker script and memory map

LOAD C:/ST/STM32CubeIDE_1.13.1/STM32CubeIDE/plugins/com.st.stm32cube.ide.mcu.externaltools.gnu-tools-for-stm32.11.3.rel1.win32_1.1.0.202305231506/tools/bin/../lib/gcc/arm-none-eabi/11.3.1/thumb/v7-m/nofp/crti.o
LOAD C:/ST/STM32CubeIDE_1.13.1/STM32CubeIDE/plugins/com.st.stm32cube.ide.mcu.externaltools.gnu-tools-for-stm32.11.3.rel1.win32_1.1.0.202305231506/tools/bin/../lib/gcc/arm-none-eabi/11.3.1/thumb/v7-m/nofp/crtbegin.o
LOAD C:/ST/STM32CubeIDE_1.13.1/STM32CubeIDE/plugins/com.st.stm32cube.ide.mcu.externaltools.gnu-tools-for-stm32.11.3.rel1.win32_1.1.0.202305231506/tools/bin/../lib/gcc/arm-none-eabi/11.3.1/../../../../arm-none-eabi/lib/thumb/v7-m/nofp/crt0.o
LOAD ./Core/Src/FlASH_PAGE_F1.o
LOAD ./Core/Src/fonts.o
LOAD ./Core/Src/main.o
LOAD ./Core/Src/ssd1306.o
LOAD ./Core/Src/stm32f1xx_hal_msp.o
LOAD ./Core/Src/stm32f1xx_it.o
LOAD ./Core/Src/syscalls.o
LOAD ./Core/Src/sysmem.o
LOAD ./Core/Src/system_stm32f1xx.o
LOAD ./Core/Startup/startup_stm32f103c8tx.o
LOAD ./Drivers/STM32F1xx_HAL_Driver/Src/stm32f1xx_hal.o
LOAD ./Drivers/STM32F1xx_HAL_Driver/Src/stm32f1xx_hal_can.o
LOAD ./Drivers/STM32F1xx_HAL_Driver/Src/stm32f1xx_hal_cortex.o
LOAD ./Drivers/STM32F1xx_HAL_Driver/Src/stm32f1xx_hal_dma.o
LOAD ./Drivers/STM32F1xx_HAL_Driver/Src/stm32f1xx_hal_exti.o
LOAD ./Drivers/STM32F1xx_HAL_Driver/Src/stm32f1xx_hal_flash.o
LOAD ./Drivers/STM32F1xx_HAL_Driver/Src/stm32f1xx_hal_flash_ex.o
LOAD ./Drivers/STM32F1xx_HAL_Driver/Src/stm32f1xx_hal_gpio.o
LOAD ./Drivers/STM32F1xx_HAL_Driver/Src/stm32f1xx_hal_gpio_ex.o
LOAD ./Drivers/STM32F1xx_HAL_Driver/Src/stm32f1xx_hal_i2c.o
LOAD ./Drivers/STM32F1xx_HAL_Driver/Src/stm32f1xx_hal_pwr.o
LOAD ./Drivers/STM32F1xx_HAL_Driver/Src/stm32f1xx_hal_rcc.o
LOAD ./Drivers/STM32F1xx_HAL_Driver/Src/stm32f1xx_hal_rcc_ex.o
LOAD ./Drivers/STM32F1xx_HAL_Driver/Src/stm32f1xx_hal_tim.o
LOAD ./Drivers/STM32F1xx_HAL_Driver/Src/stm32f1xx_hal_tim_ex.o
START GROUP
LOAD C:/ST/STM32CubeIDE_1.13.1/STM32CubeIDE/plugins/com.st.stm32cube.ide.mcu.externaltools.gnu-tools-for-stm32.11.3.rel1.win32_1.1.0.202305231506/tools/bin/../lib/gcc/arm-none-eabi/11.3.1/../../../../arm-none-eabi/lib/thumb/v7-m/nofp\libc_nano.a
LOAD C:/ST/STM32CubeIDE_1.13.1/STM32CubeIDE/plugins/com.st.stm32cube.ide.mcu.externaltools.gnu-tools-for-stm32.11.3.rel1.win32_1.1.0.202305231506/tools/bin/../lib/gcc/arm-none-eabi/11.3.1/../../../../arm-none-eabi/lib/thumb/v7-m/nofp\libm.a
END GROUP
START GROUP
LOAD C:/ST/STM32CubeIDE_1.13.1/STM32CubeIDE/plugins/com.st.stm32cube.ide.mcu.externaltools.gnu-tools-for-stm32.11.3.rel1.win32_1.1.0.202305231506/tools/bin/../lib/gcc/arm-none-eabi/11.3.1/thumb/v7-m/nofp\libgcc.a
LOAD C:/ST/STM32CubeIDE_1.13.1/STM32CubeIDE/plugins/com.st.stm32cube.ide.mcu.externaltools.gnu-tools-for-stm32.11.3.rel1.win32_1.1.0.202305231506/tools/bin/../lib/gcc/arm-none-eabi/11.3.1/../../../../arm-none-eabi/lib/thumb/v7-m/nofp\libc_nano.a
END GROUP
START GROUP
LOAD C:/ST/STM32CubeIDE_1.13.1/STM32CubeIDE/plugins/com.st.stm32cube.ide.mcu.externaltools.gnu-tools-for-stm32.11.3.rel1.win32_1.1.0.202305231506/tools/bin/../lib/gcc/arm-none-eabi/11.3.1/thumb/v7-m/nofp\libgcc.a
LOAD C:/ST/STM32CubeIDE_1.13.1/STM32CubeIDE/plugins/com.st.stm32cube.ide.mcu.externaltools.gnu-tools-for-stm32.11.3.rel1.win32_1.1.0.202305231506/tools/bin/../lib/gcc/arm-none-eabi/11.3.1/../../../../arm-none-eabi/lib/thumb/v7-m/nofp\libc_nano.a
LOAD C:/ST/STM32CubeIDE_1.13.1/STM32CubeIDE/plugins/com.st.stm32cube.ide.mcu.externaltools.gnu-tools-for-stm32.11.3.rel1.win32_1.1.0.202305231506/tools/bin/../lib/gcc/arm-none-eabi/11.3.1/../../../../arm-none-eabi/lib/thumb/v7-m/nofp\libnosys.a
END GROUP
START GROUP
LOAD C:/ST/STM32CubeIDE_1.13.1/STM32CubeIDE/plugins/com.st.stm32cube.ide.mcu.externaltools.gnu-tools-for-stm32.11.3.rel1.win32_1.1.0.202305231506/tools/bin/../lib/gcc/arm-none-eabi/11.3.1/thumb/v7-m/nofp\libgcc.a
LOAD C:/ST/STM32CubeIDE_1.13.1/STM32CubeIDE/plugins/com.st.stm32cube.ide.mcu.externaltools.gnu-tools-for-stm32.11.3.rel1.win32_1.1.0.202305231506/tools/bin/../lib/gcc/arm-none-eabi/11.3.1/../../../../arm-none-eabi/lib/thumb/v7-m/nofp\libc_nano.a
LOAD C:/ST/STM32CubeIDE_1.13.1/STM32CubeIDE/plugins/com.st.stm32cube.ide.mcu.externaltools.gnu-tools-for-stm32.11.3.rel1.win32_1.1.0.202305231506/tools/bin/../lib/gcc/arm-none-eabi/11.3.1/../../../../arm-none-eabi/lib/thumb/v7-m/nofp\libnosys.a
END GROUP
LOAD C:/ST/STM32CubeIDE_1.13.1/STM32CubeIDE/plugins/com.st.stm32cube.ide.mcu.externaltools.gnu-tools-for-stm32.11.3.rel1.win32_1.1.0.202305231506/tools/bin/../lib/gcc/arm-none-eabi/11.3.1/thumb/v7-m/nofp/crtend.o
LOAD C:/ST/STM32CubeIDE_1.13.1/STM32CubeIDE/plugins/com.st.stm32cube.ide.mcu.externaltools.gnu-tools-for-stm32.11.3.rel1.win32_1.1.0.202305231506/tools/bin/../lib/gcc/arm-none-eabi/11.3.1/thumb/v7-m/nofp/crtn.o
                0x0000000020005000                _estack = (ORIGIN (RAM) + LENGTH (RAM))
                0x0000000000000200                _Min_Heap_Size = 0x200
                0x0000000000000400                _Min_Stack_Size = 0x400

.isr_vector     0x0000000008004c00      0x10c
                0x0000000008004c00                . = ALIGN (0x4)
 *(.isr_vector)
 .isr_vector    0x0000000008004c00      0x10c ./Core/Startup/startup_stm32f103c8tx.o
                0x0000000008004c00                g_pfnVectors
                0x0000000008004d0c                . = ALIGN (0x4)

.text           0x0000000008004d0c     0x3f30
                0x0000000008004d0c                . = ALIGN (0x4)
 *(.text)
 .text          0x0000000008004d0c       0x40 C:/ST/STM32CubeIDE_1.13.1/STM32CubeIDE/plugins/com.st.stm32cube.ide.mcu.externaltools.gnu-tools-for-stm32.11.3.rel1.win32_1.1.0.202305231506/tools/bin/../lib/gcc/arm-none-eabi/11.3.1/thumb/v7-m/nofp/crtbegin.o
 .text          0x0000000008004d4c       0x14 C:/ST/STM32CubeIDE_1.13.1/STM32CubeIDE/plugins/com.st.stm32cube.ide.mcu.externaltools.gnu-tools-for-stm32.11.3.rel1.win32_1.1.0.202305231506/tools/bin/../lib/gcc/arm-none-eabi/11.3.1/../../../../arm-none-eabi/lib/thumb/v7-m/nofp\libc_nano.a(libc_a-strcmp.o)
                0x0000000008004d4c                strcmp
 *(.text*)
 .text.GetPage  0x0000000008004d60       0x4e ./Core/Src/FlASH_PAGE_F1.o
 *fill*         0x0000000008004dae        0x2 
 .text.Flash_Write_Data
                0x0000000008004db0       0xb8 ./Core/Src/FlASH_PAGE_F1.o
                0x0000000008004db0                Flash_Write_Data
 .text.Flash_Read_Data
                0x0000000008004e68       0x3a ./Core/Src/FlASH_PAGE_F1.o
                0x0000000008004e68                Flash_Read_Data
 *fill*         0x0000000008004ea2        0x2 
 .text.__NVIC_SetPriority
                0x0000000008004ea4       0x54 ./Core/Src/main.o
 .text.__NVIC_SystemReset
                0x0000000008004ef8       0x2c ./Core/Src/main.o
 .text.SysTick_Config
                0x0000000008004f24       0x44 ./Core/Src/main.o
 .text.HAL_CAN_RxFifo0MsgPendingCallback
                0x0000000008004f68      0x13c ./Core/Src/main.o
                0x0000000008004f68                HAL_CAN_RxFifo0MsgPendingCallback
 .text.main     0x00000000080050a4      0x224 ./Core/Src/main.o
                0x00000000080050a4                main
 .text.SystemClock_Config
                0x00000000080052c8       0x74 ./Core/Src/main.o
                0x00000000080052c8                SystemClock_Config
 .text.MX_CAN_Init
                0x000000000800533c       0x6c ./Core/Src/main.o
 .text.MX_I2C1_Init
                0x00000000080053a8       0x5c ./Core/Src/main.o
 .text.MX_GPIO_Init
                0x0000000008005404       0xf4 ./Core/Src/main.o
 .text.app_switch_state
                0x00000000080054f8      0x1a4 ./Core/Src/main.o
 .text.app_write_on_screen
                0x000000000800569c       0x6c ./Core/Src/main.o
 .text.app_fill_array_with_str
                0x0000000008005708       0x42 ./Core/Src/main.o
 *fill*         0x000000000800574a        0x2 
 .text.app_tx_over_can
                0x000000000800574c       0x6c ./Core/Src/main.o
 .text.Error_Handler
                0x00000000080057b8        0xa ./Core/Src/main.o
                0x00000000080057b8                Error_Handler
 *fill*         0x00000000080057c2        0x2 
 .text.SSD1306_Init
                0x00000000080057c4      0x188 ./Core/Src/ssd1306.o
                0x00000000080057c4                SSD1306_Init
 .text.SSD1306_UpdateScreen
                0x000000000800594c       0x5c ./Core/Src/ssd1306.o
                0x000000000800594c                SSD1306_UpdateScreen
 .text.SSD1306_Fill
                0x00000000080059a8       0x30 ./Core/Src/ssd1306.o
                0x00000000080059a8                SSD1306_Fill
 .text.SSD1306_DrawPixel
                0x00000000080059d8       0xbc ./Core/Src/ssd1306.o
                0x00000000080059d8                SSD1306_DrawPixel
 .text.SSD1306_GotoXY
                0x0000000008005a94       0x2c ./Core/Src/ssd1306.o
                0x0000000008005a94                SSD1306_GotoXY
 .text.SSD1306_Putc
                0x0000000008005ac0      0x100 ./Core/Src/ssd1306.o
                0x0000000008005ac0                SSD1306_Putc
 .text.SSD1306_Puts
                0x0000000008005bc0       0x4a ./Core/Src/ssd1306.o
                0x0000000008005bc0                SSD1306_Puts
 .text.SSD1306_Clear
                0x0000000008005c0a       0x12 ./Core/Src/ssd1306.o
                0x0000000008005c0a                SSD1306_Clear
 .text.ssd1306_I2C_Init
                0x0000000008005c1c       0x28 ./Core/Src/ssd1306.o
                0x0000000008005c1c                ssd1306_I2C_Init
 .text.ssd1306_I2C_WriteMulti
                0x0000000008005c44       0xcc ./Core/Src/ssd1306.o
                0x0000000008005c44                ssd1306_I2C_WriteMulti
 .text.ssd1306_I2C_Write
                0x0000000008005d10       0x3c ./Core/Src/ssd1306.o
                0x0000000008005d10                ssd1306_I2C_Write
 .text.HAL_MspInit
                0x0000000008005d4c       0x64 ./Core/Src/stm32f1xx_hal_msp.o
                0x0000000008005d4c                HAL_MspInit
 .text.HAL_CAN_MspInit
                0x0000000008005db0       0xa8 ./Core/Src/stm32f1xx_hal_msp.o
                0x0000000008005db0                HAL_CAN_MspInit
 .text.HAL_I2C_MspInit
                0x0000000008005e58       0x7c ./Core/Src/stm32f1xx_hal_msp.o
                0x0000000008005e58                HAL_I2C_MspInit
 .text.NMI_Handler
                0x0000000008005ed4        0x6 ./Core/Src/stm32f1xx_it.o
                0x0000000008005ed4                NMI_Handler
 .text.HardFault_Handler
                0x0000000008005eda        0x6 ./Core/Src/stm32f1xx_it.o
                0x0000000008005eda                HardFault_Handler
 .text.MemManage_Handler
                0x0000000008005ee0        0x6 ./Core/Src/stm32f1xx_it.o
                0x0000000008005ee0                MemManage_Handler
 .text.BusFault_Handler
                0x0000000008005ee6        0x6 ./Core/Src/stm32f1xx_it.o
                0x0000000008005ee6                BusFault_Handler
 .text.UsageFault_Handler
                0x0000000008005eec        0x6 ./Core/Src/stm32f1xx_it.o
                0x0000000008005eec                UsageFault_Handler
 .text.SVC_Handler
                0x0000000008005ef2        0xc ./Core/Src/stm32f1xx_it.o
                0x0000000008005ef2                SVC_Handler
 .text.DebugMon_Handler
                0x0000000008005efe        0xc ./Core/Src/stm32f1xx_it.o
                0x0000000008005efe                DebugMon_Handler
 .text.PendSV_Handler
                0x0000000008005f0a        0xc ./Core/Src/stm32f1xx_it.o
                0x0000000008005f0a                PendSV_Handler
 *fill*         0x0000000008005f16        0x2 
 .text.SysTick_Handler
                0x0000000008005f18       0x1c ./Core/Src/stm32f1xx_it.o
                0x0000000008005f18                SysTick_Handler
 .text.USB_LP_CAN1_RX0_IRQHandler
                0x0000000008005f34       0x14 ./Core/Src/stm32f1xx_it.o
                0x0000000008005f34                USB_LP_CAN1_RX0_IRQHandler
 .text.SystemInit
                0x0000000008005f48        0xc ./Core/Src/system_stm32f1xx.o
                0x0000000008005f48                SystemInit
 .text.SystemCoreClockUpdate
                0x0000000008005f54       0xe4 ./Core/Src/system_stm32f1xx.o
                0x0000000008005f54                SystemCoreClockUpdate
 .text.Reset_Handler
                0x0000000008006038       0x48 ./Core/Startup/startup_stm32f103c8tx.o
                0x0000000008006038                Reset_Handler
 .text.Default_Handler
                0x0000000008006080        0x2 ./Core/Startup/startup_stm32f103c8tx.o
                0x0000000008006080                RTC_Alarm_IRQHandler
                0x0000000008006080                EXTI2_IRQHandler
                0x0000000008006080                TIM1_CC_IRQHandler
                0x0000000008006080                PVD_IRQHandler
                0x0000000008006080                EXTI3_IRQHandler
                0x0000000008006080                EXTI0_IRQHandler
                0x0000000008006080                I2C2_EV_IRQHandler
                0x0000000008006080                ADC1_2_IRQHandler
                0x0000000008006080                SPI1_IRQHandler
                0x0000000008006080                TAMPER_IRQHandler
                0x0000000008006080                DMA1_Channel4_IRQHandler
                0x0000000008006080                USART3_IRQHandler
                0x0000000008006080                RTC_IRQHandler
                0x0000000008006080                DMA1_Channel7_IRQHandler
                0x0000000008006080                CAN1_RX1_IRQHandler
                0x0000000008006080                TIM4_IRQHandler
                0x0000000008006080                I2C1_EV_IRQHandler
                0x0000000008006080                DMA1_Channel6_IRQHandler
                0x0000000008006080                TIM3_IRQHandler
                0x0000000008006080                RCC_IRQHandler
                0x0000000008006080                TIM1_TRG_COM_IRQHandler
                0x0000000008006080                DMA1_Channel1_IRQHandler
                0x0000000008006080                Default_Handler
                0x0000000008006080                EXTI15_10_IRQHandler
                0x0000000008006080                EXTI9_5_IRQHandler
                0x0000000008006080                SPI2_IRQHandler
                0x0000000008006080                DMA1_Channel5_IRQHandler
                0x0000000008006080                EXTI4_IRQHandler
                0x0000000008006080                USB_HP_CAN1_TX_IRQHandler
                0x0000000008006080                DMA1_Channel3_IRQHandler
                0x0000000008006080                TIM1_UP_IRQHandler
                0x0000000008006080                WWDG_IRQHandler
                0x0000000008006080                TIM2_IRQHandler
                0x0000000008006080                TIM1_BRK_IRQHandler
                0x0000000008006080                EXTI1_IRQHandler
                0x0000000008006080                USART2_IRQHandler
                0x0000000008006080                I2C2_ER_IRQHandler
                0x0000000008006080                DMA1_Channel2_IRQHandler
                0x0000000008006080                CAN1_SCE_IRQHandler
                0x0000000008006080                FLASH_IRQHandler
                0x0000000008006080                USART1_IRQHandler
                0x0000000008006080                I2C1_ER_IRQHandler
                0x0000000008006080                USBWakeUp_IRQHandler
 *fill*         0x0000000008006082        0x2 
 .text.HAL_Init
                0x0000000008006084       0x2c ./Drivers/STM32F1xx_HAL_Driver/Src/stm32f1xx_hal.o
                0x0000000008006084                HAL_Init
 .text.HAL_InitTick
                0x00000000080060b0       0x60 ./Drivers/STM32F1xx_HAL_Driver/Src/stm32f1xx_hal.o
                0x00000000080060b0                HAL_InitTick
 .text.HAL_IncTick
                0x0000000008006110       0x24 ./Drivers/STM32F1xx_HAL_Driver/Src/stm32f1xx_hal.o
                0x0000000008006110                HAL_IncTick
 .text.HAL_GetTick
                0x0000000008006134       0x14 ./Drivers/STM32F1xx_HAL_Driver/Src/stm32f1xx_hal.o
                0x0000000008006134                HAL_GetTick
 .text.HAL_Delay
                0x0000000008006148       0x48 ./Drivers/STM32F1xx_HAL_Driver/Src/stm32f1xx_hal.o
                0x0000000008006148                HAL_Delay
 .text.HAL_CAN_Init
                0x0000000008006190      0x1f6 ./Drivers/STM32F1xx_HAL_Driver/Src/stm32f1xx_hal_can.o
                0x0000000008006190                HAL_CAN_Init
 .text.HAL_CAN_ConfigFilter
                0x0000000008006386      0x192 ./Drivers/STM32F1xx_HAL_Driver/Src/stm32f1xx_hal_can.o
                0x0000000008006386                HAL_CAN_ConfigFilter
 .text.HAL_CAN_Start
                0x0000000008006518       0x88 ./Drivers/STM32F1xx_HAL_Driver/Src/stm32f1xx_hal_can.o
                0x0000000008006518                HAL_CAN_Start
 .text.HAL_CAN_AddTxMessage
                0x00000000080065a0      0x19e ./Drivers/STM32F1xx_HAL_Driver/Src/stm32f1xx_hal_can.o
                0x00000000080065a0                HAL_CAN_AddTxMessage
 .text.HAL_CAN_GetTxMailboxesFreeLevel
                0x000000000800673e       0x68 ./Drivers/STM32F1xx_HAL_Driver/Src/stm32f1xx_hal_can.o
                0x000000000800673e                HAL_CAN_GetTxMailboxesFreeLevel
 .text.HAL_CAN_GetRxMessage
                0x00000000080067a6      0x242 ./Drivers/STM32F1xx_HAL_Driver/Src/stm32f1xx_hal_can.o
                0x00000000080067a6                HAL_CAN_GetRxMessage
 .text.HAL_CAN_ActivateNotification
                0x00000000080069e8       0x4a ./Drivers/STM32F1xx_HAL_Driver/Src/stm32f1xx_hal_can.o
                0x00000000080069e8                HAL_CAN_ActivateNotification
 .text.HAL_CAN_IRQHandler
                0x0000000008006a32      0x36e ./Drivers/STM32F1xx_HAL_Driver/Src/stm32f1xx_hal_can.o
                0x0000000008006a32                HAL_CAN_IRQHandler
 .text.HAL_CAN_TxMailbox0CompleteCallback
                0x0000000008006da0       0x12 ./Drivers/STM32F1xx_HAL_Driver/Src/stm32f1xx_hal_can.o
                0x0000000008006da0                HAL_CAN_TxMailbox0CompleteCallback
 .text.HAL_CAN_TxMailbox1CompleteCallback
                0x0000000008006db2       0x12 ./Drivers/STM32F1xx_HAL_Driver/Src/stm32f1xx_hal_can.o
                0x0000000008006db2                HAL_CAN_TxMailbox1CompleteCallback
 .text.HAL_CAN_TxMailbox2CompleteCallback
                0x0000000008006dc4       0x12 ./Drivers/STM32F1xx_HAL_Driver/Src/stm32f1xx_hal_can.o
                0x0000000008006dc4                HAL_CAN_TxMailbox2CompleteCallback
 .text.HAL_CAN_TxMailbox0AbortCallback
                0x0000000008006dd6       0x12 ./Drivers/STM32F1xx_HAL_Driver/Src/stm32f1xx_hal_can.o
                0x0000000008006dd6                HAL_CAN_TxMailbox0AbortCallback
 .text.HAL_CAN_TxMailbox1AbortCallback
                0x0000000008006de8       0x12 ./Drivers/STM32F1xx_HAL_Driver/Src/stm32f1xx_hal_can.o
                0x0000000008006de8                HAL_CAN_TxMailbox1AbortCallback
 .text.HAL_CAN_TxMailbox2AbortCallback
                0x0000000008006dfa       0x12 ./Drivers/STM32F1xx_HAL_Driver/Src/stm32f1xx_hal_can.o
                0x0000000008006dfa                HAL_CAN_TxMailbox2AbortCallback
 .text.HAL_CAN_RxFifo0FullCallback
                0x0000000008006e0c       0x12 ./Drivers/STM32F1xx_HAL_Driver/Src/stm32f1xx_hal_can.o
                0x0000000008006e0c                HAL_CAN_RxFifo0FullCallback
 .text.HAL_CAN_RxFifo1MsgPendingCallback
                0x0000000008006e1e       0x12 ./Drivers/STM32F1xx_HAL_Driver/Src/stm32f1xx_hal_can.o
                0x0000000008006e1e                HAL_CAN_RxFifo1MsgPendingCallback
 .text.HAL_CAN_RxFifo1FullCallback
                0x0000000008006e30       0x12 ./Drivers/STM32F1xx_HAL_Driver/Src/stm32f1xx_hal_can.o
                0x0000000008006e30                HAL_CAN_RxFifo1FullCallback
 .text.HAL_CAN_SleepCallback
                0x0000000008006e42       0x12 ./Drivers/STM32F1xx_HAL_Driver/Src/stm32f1xx_hal_can.o
                0x0000000008006e42                HAL_CAN_SleepCallback
 .text.HAL_CAN_WakeUpFromRxMsgCallback
                0x0000000008006e54       0x12 ./Drivers/STM32F1xx_HAL_Driver/Src/stm32f1xx_hal_can.o
                0x0000000008006e54                HAL_CAN_WakeUpFromRxMsgCallback
 .text.HAL_CAN_ErrorCallback
                0x0000000008006e66       0x12 ./Drivers/STM32F1xx_HAL_Driver/Src/stm32f1xx_hal_can.o
                0x0000000008006e66                HAL_CAN_ErrorCallback
 .text.__NVIC_SetPriorityGrouping
                0x0000000008006e78       0x48 ./Drivers/STM32F1xx_HAL_Driver/Src/stm32f1xx_hal_cortex.o
 .text.__NVIC_GetPriorityGrouping
                0x0000000008006ec0       0x1c ./Drivers/STM32F1xx_HAL_Driver/Src/stm32f1xx_hal_cortex.o
 .text.__NVIC_EnableIRQ
                0x0000000008006edc       0x38 ./Drivers/STM32F1xx_HAL_Driver/Src/stm32f1xx_hal_cortex.o
 .text.__NVIC_SetPriority
                0x0000000008006f14       0x54 ./Drivers/STM32F1xx_HAL_Driver/Src/stm32f1xx_hal_cortex.o
 .text.NVIC_EncodePriority
                0x0000000008006f68       0x64 ./Drivers/STM32F1xx_HAL_Driver/Src/stm32f1xx_hal_cortex.o
 .text.SysTick_Config
                0x0000000008006fcc       0x44 ./Drivers/STM32F1xx_HAL_Driver/Src/stm32f1xx_hal_cortex.o
 .text.HAL_NVIC_SetPriorityGrouping
                0x0000000008007010       0x16 ./Drivers/STM32F1xx_HAL_Driver/Src/stm32f1xx_hal_cortex.o
                0x0000000008007010                HAL_NVIC_SetPriorityGrouping
 .text.HAL_NVIC_SetPriority
                0x0000000008007026       0x38 ./Drivers/STM32F1xx_HAL_Driver/Src/stm32f1xx_hal_cortex.o
                0x0000000008007026                HAL_NVIC_SetPriority
 .text.HAL_NVIC_EnableIRQ
                0x000000000800705e       0x1c ./Drivers/STM32F1xx_HAL_Driver/Src/stm32f1xx_hal_cortex.o
                0x000000000800705e                HAL_NVIC_EnableIRQ
 .text.HAL_SYSTICK_Config
                0x000000000800707a       0x18 ./Drivers/STM32F1xx_HAL_Driver/Src/stm32f1xx_hal_cortex.o
                0x000000000800707a                HAL_SYSTICK_Config
 *fill*         0x0000000008007092        0x2 
 .text.HAL_FLASH_Program
                0x0000000008007094       0xe0 ./Drivers/STM32F1xx_HAL_Driver/Src/stm32f1xx_hal_flash.o
                0x0000000008007094                HAL_FLASH_Program
 .text.HAL_FLASH_Unlock
                0x0000000008007174       0x4c ./Drivers/STM32F1xx_HAL_Driver/Src/stm32f1xx_hal_flash.o
                0x0000000008007174                HAL_FLASH_Unlock
 .text.HAL_FLASH_Lock
                0x00000000080071c0       0x20 ./Drivers/STM32F1xx_HAL_Driver/Src/stm32f1xx_hal_flash.o
                0x00000000080071c0                HAL_FLASH_Lock
 .text.HAL_FLASH_GetError
                0x00000000080071e0       0x14 ./Drivers/STM32F1xx_HAL_Driver/Src/stm32f1xx_hal_flash.o
                0x00000000080071e0                HAL_FLASH_GetError
 .text.FLASH_Program_HalfWord
                0x00000000080071f4       0x38 ./Drivers/STM32F1xx_HAL_Driver/Src/stm32f1xx_hal_flash.o
 .text.FLASH_WaitForLastOperation
                0x000000000800722c       0x8c ./Drivers/STM32F1xx_HAL_Driver/Src/stm32f1xx_hal_flash.o
                0x000000000800722c                FLASH_WaitForLastOperation
 .text.FLASH_SetErrorCode
                0x00000000080072b8       0xa0 ./Drivers/STM32F1xx_HAL_Driver/Src/stm32f1xx_hal_flash.o
 .text.HAL_FLASHEx_Erase
                0x0000000008007358       0xd8 ./Drivers/STM32F1xx_HAL_Driver/Src/stm32f1xx_hal_flash_ex.o
                0x0000000008007358                HAL_FLASHEx_Erase
 .text.FLASH_MassErase
                0x0000000008007430       0x38 ./Drivers/STM32F1xx_HAL_Driver/Src/stm32f1xx_hal_flash_ex.o
 .text.FLASH_PageErase
                0x0000000008007468       0x40 ./Drivers/STM32F1xx_HAL_Driver/Src/stm32f1xx_hal_flash_ex.o
                0x0000000008007468                FLASH_PageErase
 .text.HAL_GPIO_Init
                0x00000000080074a8      0x308 ./Drivers/STM32F1xx_HAL_Driver/Src/stm32f1xx_hal_gpio.o
                0x00000000080074a8                HAL_GPIO_Init
 .text.HAL_GPIO_ReadPin
                0x00000000080077b0       0x2e ./Drivers/STM32F1xx_HAL_Driver/Src/stm32f1xx_hal_gpio.o
                0x00000000080077b0                HAL_GPIO_ReadPin
 .text.HAL_GPIO_WritePin
                0x00000000080077de       0x30 ./Drivers/STM32F1xx_HAL_Driver/Src/stm32f1xx_hal_gpio.o
                0x00000000080077de                HAL_GPIO_WritePin
 .text.HAL_GPIO_TogglePin
                0x000000000800780e       0x32 ./Drivers/STM32F1xx_HAL_Driver/Src/stm32f1xx_hal_gpio.o
                0x000000000800780e                HAL_GPIO_TogglePin
 .text.HAL_I2C_Init
                0x0000000008007840      0x288 ./Drivers/STM32F1xx_HAL_Driver/Src/stm32f1xx_hal_i2c.o
                0x0000000008007840                HAL_I2C_Init
 .text.HAL_I2C_Master_Transmit
                0x0000000008007ac8      0x1fc ./Drivers/STM32F1xx_HAL_Driver/Src/stm32f1xx_hal_i2c.o
                0x0000000008007ac8                HAL_I2C_Master_Transmit
 .text.HAL_I2C_IsDeviceReady
                0x0000000008007cc4      0x25c ./Drivers/STM32F1xx_HAL_Driver/Src/stm32f1xx_hal_i2c.o
                0x0000000008007cc4                HAL_I2C_IsDeviceReady
 .text.I2C_MasterRequestWrite
                0x0000000008007f20      0x104 ./Drivers/STM32F1xx_HAL_Driver/Src/stm32f1xx_hal_i2c.o
 .text.I2C_WaitOnFlagUntilTimeout
                0x0000000008008024       0xf4 ./Drivers/STM32F1xx_HAL_Driver/Src/stm32f1xx_hal_i2c.o
 .text.I2C_WaitOnMasterAddressFlagUntilTimeout
                0x0000000008008118      0x140 ./Drivers/STM32F1xx_HAL_Driver/Src/stm32f1xx_hal_i2c.o
 .text.I2C_WaitOnTXEFlagUntilTimeout
                0x0000000008008258       0x90 ./Drivers/STM32F1xx_HAL_Driver/Src/stm32f1xx_hal_i2c.o
 .text.I2C_WaitOnBTFFlagUntilTimeout
                0x00000000080082e8       0x90 ./Drivers/STM32F1xx_HAL_Driver/Src/stm32f1xx_hal_i2c.o
 .text.I2C_IsAcknowledgeFailed
                0x0000000008008378       0x5c ./Drivers/STM32F1xx_HAL_Driver/Src/stm32f1xx_hal_i2c.o
 .text.HAL_RCC_OscConfig
                0x00000000080083d4      0x504 ./Drivers/STM32F1xx_HAL_Driver/Src/stm32f1xx_hal_rcc.o
                0x00000000080083d4                HAL_RCC_OscConfig
 .text.HAL_RCC_ClockConfig
                0x00000000080088d8      0x1d4 ./Drivers/STM32F1xx_HAL_Driver/Src/stm32f1xx_hal_rcc.o
                0x00000000080088d8                HAL_RCC_ClockConfig
 .text.HAL_RCC_GetSysClockFreq
                0x0000000008008aac       0xa8 ./Drivers/STM32F1xx_HAL_Driver/Src/stm32f1xx_hal_rcc.o
                0x0000000008008aac                HAL_RCC_GetSysClockFreq
 .text.HAL_RCC_GetHCLKFreq
                0x0000000008008b54       0x14 ./Drivers/STM32F1xx_HAL_Driver/Src/stm32f1xx_hal_rcc.o
                0x0000000008008b54                HAL_RCC_GetHCLKFreq
 .text.HAL_RCC_GetPCLK1Freq
                0x0000000008008b68       0x28 ./Drivers/STM32F1xx_HAL_Driver/Src/stm32f1xx_hal_rcc.o
                0x0000000008008b68                HAL_RCC_GetPCLK1Freq
 .text.RCC_Delay
                0x0000000008008b90       0x3c ./Drivers/STM32F1xx_HAL_Driver/Src/stm32f1xx_hal_rcc.o
 .text.memset   0x0000000008008bcc       0x10 C:/ST/STM32CubeIDE_1.13.1/STM32CubeIDE/plugins/com.st.stm32cube.ide.mcu.externaltools.gnu-tools-for-stm32.11.3.rel1.win32_1.1.0.202305231506/tools/bin/../lib/gcc/arm-none-eabi/11.3.1/../../../../arm-none-eabi/lib/thumb/v7-m/nofp\libc_nano.a(libc_a-memset.o)
                0x0000000008008bcc                memset
 .text.__libc_init_array
                0x0000000008008bdc       0x48 C:/ST/STM32CubeIDE_1.13.1/STM32CubeIDE/plugins/com.st.stm32cube.ide.mcu.externaltools.gnu-tools-for-stm32.11.3.rel1.win32_1.1.0.202305231506/tools/bin/../lib/gcc/arm-none-eabi/11.3.1/../../../../arm-none-eabi/lib/thumb/v7-m/nofp\libc_nano.a(libc_a-init.o)
                0x0000000008008bdc                __libc_init_array
 *(.glue_7)
 .glue_7        0x0000000008008c24        0x0 linker stubs
 *(.glue_7t)
 .glue_7t       0x0000000008008c24        0x0 linker stubs
 *(.eh_frame)
 .eh_frame      0x0000000008008c24        0x0 C:/ST/STM32CubeIDE_1.13.1/STM32CubeIDE/plugins/com.st.stm32cube.ide.mcu.externaltools.gnu-tools-for-stm32.11.3.rel1.win32_1.1.0.202305231506/tools/bin/../lib/gcc/arm-none-eabi/11.3.1/thumb/v7-m/nofp/crtbegin.o
 *(.init)
 .init          0x0000000008008c24        0x4 C:/ST/STM32CubeIDE_1.13.1/STM32CubeIDE/plugins/com.st.stm32cube.ide.mcu.externaltools.gnu-tools-for-stm32.11.3.rel1.win32_1.1.0.202305231506/tools/bin/../lib/gcc/arm-none-eabi/11.3.1/thumb/v7-m/nofp/crti.o
                0x0000000008008c24                _init
 .init          0x0000000008008c28        0x8 C:/ST/STM32CubeIDE_1.13.1/STM32CubeIDE/plugins/com.st.stm32cube.ide.mcu.externaltools.gnu-tools-for-stm32.11.3.rel1.win32_1.1.0.202305231506/tools/bin/../lib/gcc/arm-none-eabi/11.3.1/thumb/v7-m/nofp/crtn.o
 *(.fini)
 .fini          0x0000000008008c30        0x4 C:/ST/STM32CubeIDE_1.13.1/STM32CubeIDE/plugins/com.st.stm32cube.ide.mcu.externaltools.gnu-tools-for-stm32.11.3.rel1.win32_1.1.0.202305231506/tools/bin/../lib/gcc/arm-none-eabi/11.3.1/thumb/v7-m/nofp/crti.o
                0x0000000008008c30                _fini
 .fini          0x0000000008008c34        0x8 C:/ST/STM32CubeIDE_1.13.1/STM32CubeIDE/plugins/com.st.stm32cube.ide.mcu.externaltools.gnu-tools-for-stm32.11.3.rel1.win32_1.1.0.202305231506/tools/bin/../lib/gcc/arm-none-eabi/11.3.1/thumb/v7-m/nofp/crtn.o
                0x0000000008008c3c                . = ALIGN (0x4)
                0x0000000008008c3c                _etext = .

.vfp11_veneer   0x0000000008008c3c        0x0
 .vfp11_veneer  0x0000000008008c3c        0x0 linker stubs

.v4_bx          0x0000000008008c3c        0x0
 .v4_bx         0x0000000008008c3c        0x0 linker stubs

.iplt           0x0000000008008c3c        0x0
 .iplt          0x0000000008008c3c        0x0 C:/ST/STM32CubeIDE_1.13.1/STM32CubeIDE/plugins/com.st.stm32cube.ide.mcu.externaltools.gnu-tools-for-stm32.11.3.rel1.win32_1.1.0.202305231506/tools/bin/../lib/gcc/arm-none-eabi/11.3.1/thumb/v7-m/nofp/crtbegin.o

.rodata         0x0000000008008c3c      0x900
                0x0000000008008c3c                . = ALIGN (0x4)
 *(.rodata)
 .rodata        0x0000000008008c3c      0x166 ./Core/Src/main.o
 *(.rodata*)
 *fill*         0x0000000008008da2        0x2 
 .rodata.Font7x10
                0x0000000008008da4      0x76c ./Core/Src/fonts.o
                0x0000000008008da4                Font7x10
 .rodata.AHBPrescTable
                0x0000000008009510       0x10 ./Core/Src/system_stm32f1xx.o
                0x0000000008009510                AHBPrescTable
 .rodata.APBPrescTable
                0x0000000008009520        0x8 ./Core/Src/system_stm32f1xx.o
                0x0000000008009520                APBPrescTable
 .rodata.aPLLMULFactorTable.1
                0x0000000008009528       0x10 ./Drivers/STM32F1xx_HAL_Driver/Src/stm32f1xx_hal_rcc.o
 .rodata.aPredivFactorTable.0
                0x0000000008009538        0x2 ./Drivers/STM32F1xx_HAL_Driver/Src/stm32f1xx_hal_rcc.o
                0x000000000800953c                . = ALIGN (0x4)
 *fill*         0x000000000800953a        0x2 

.rel.dyn        0x000000000800953c        0x0
 .rel.iplt      0x000000000800953c        0x0 C:/ST/STM32CubeIDE_1.13.1/STM32CubeIDE/plugins/com.st.stm32cube.ide.mcu.externaltools.gnu-tools-for-stm32.11.3.rel1.win32_1.1.0.202305231506/tools/bin/../lib/gcc/arm-none-eabi/11.3.1/thumb/v7-m/nofp/crtbegin.o

.ARM.extab      0x000000000800953c        0x0
                0x000000000800953c                . = ALIGN (0x4)
 *(.ARM.extab* .gnu.linkonce.armextab.*)
                0x000000000800953c                . = ALIGN (0x4)

.ARM            0x000000000800953c        0x0
                0x000000000800953c                . = ALIGN (0x4)
                0x000000000800953c                __exidx_start = .
 *(.ARM.exidx*)
                0x000000000800953c                __exidx_end = .
                0x000000000800953c                . = ALIGN (0x4)

.preinit_array  0x000000000800953c        0x0
                0x000000000800953c                . = ALIGN (0x4)
                0x000000000800953c                PROVIDE (__preinit_array_start = .)
 *(.preinit_array*)
                0x000000000800953c                PROVIDE (__preinit_array_end = .)
                0x000000000800953c                . = ALIGN (0x4)

.init_array     0x000000000800953c        0x4
                0x000000000800953c                . = ALIGN (0x4)
                0x000000000800953c                PROVIDE (__init_array_start = .)
 *(SORT_BY_NAME(.init_array.*))
 *(.init_array*)
 .init_array    0x000000000800953c        0x4 C:/ST/STM32CubeIDE_1.13.1/STM32CubeIDE/plugins/com.st.stm32cube.ide.mcu.externaltools.gnu-tools-for-stm32.11.3.rel1.win32_1.1.0.202305231506/tools/bin/../lib/gcc/arm-none-eabi/11.3.1/thumb/v7-m/nofp/crtbegin.o
                0x0000000008009540                PROVIDE (__init_array_end = .)
                0x0000000008009540                . = ALIGN (0x4)

.init_array     0x0000000008009540        0x0
                0x0000000008009540                . = ALIGN (0x4)
                [!provide]                        PROVIDE (__init_array_start = .)
 *(SORT_BY_NAME(.init_array.*))
 *(.init_array*)
                [!provide]                        PROVIDE (__init_array_end = .)
                0x0000000008009540                . = ALIGN (0x4)

.fini_array     0x0000000008009540        0x4
                0x0000000008009540                . = ALIGN (0x4)
                [!provide]                        PROVIDE (__fini_array_start = .)
 *(SORT_BY_NAME(.fini_array.*))
 *(.fini_array*)
 .fini_array    0x0000000008009540        0x4 C:/ST/STM32CubeIDE_1.13.1/STM32CubeIDE/plugins/com.st.stm32cube.ide.mcu.externaltools.gnu-tools-for-stm32.11.3.rel1.win32_1.1.0.202305231506/tools/bin/../lib/gcc/arm-none-eabi/11.3.1/thumb/v7-m/nofp/crtbegin.o
                [!provide]                        PROVIDE (__fini_array_end = .)
                0x0000000008009544                . = ALIGN (0x4)
                0x0000000008009544                _sidata = LOADADDR (.data)

.data           0x0000000020000000       0x14 load address 0x0000000008009544
                0x0000000020000000                . = ALIGN (0x4)
                0x0000000020000000                _sdata = .
 *(.data)
 *(.data*)
 .data.Font_7x10
                0x0000000020000000        0x8 ./Core/Src/fonts.o
                0x0000000020000000                Font_7x10
 .data.SystemCoreClock
                0x0000000020000008        0x4 ./Core/Src/system_stm32f1xx.o
                0x0000000020000008                SystemCoreClock
 .data.uwTickPrio
                0x000000002000000c        0x4 ./Drivers/STM32F1xx_HAL_Driver/Src/stm32f1xx_hal.o
                0x000000002000000c                uwTickPrio
 .data.uwTickFreq
                0x0000000020000010        0x1 ./Drivers/STM32F1xx_HAL_Driver/Src/stm32f1xx_hal.o
                0x0000000020000010                uwTickFreq
 *(.RamFunc)
 *(.RamFunc*)
                0x0000000020000014                . = ALIGN (0x4)
 *fill*         0x0000000020000011        0x3 
                0x0000000020000014                _edata = .

.igot.plt       0x0000000020000014        0x0 load address 0x0000000008009558
 .igot.plt      0x0000000020000014        0x0 C:/ST/STM32CubeIDE_1.13.1/STM32CubeIDE/plugins/com.st.stm32cube.ide.mcu.externaltools.gnu-tools-for-stm32.11.3.rel1.win32_1.1.0.202305231506/tools/bin/../lib/gcc/arm-none-eabi/11.3.1/thumb/v7-m/nofp/crtbegin.o
                0x0000000020000014                . = ALIGN (0x4)

.bss            0x0000000020000018     0x20a8 load address 0x0000000008009558
                0x0000000020000018                _sbss = .
                0x0000000020000018                __bss_start__ = _sbss
 *(.bss)
 .bss           0x0000000020000018       0x1c C:/ST/STM32CubeIDE_1.13.1/STM32CubeIDE/plugins/com.st.stm32cube.ide.mcu.externaltools.gnu-tools-for-stm32.11.3.rel1.win32_1.1.0.202305231506/tools/bin/../lib/gcc/arm-none-eabi/11.3.1/thumb/v7-m/nofp/crtbegin.o
 *(.bss*)
 .bss.EraseInitStruct.0
                0x0000000020000034       0x10 ./Core/Src/FlASH_PAGE_F1.o
 .bss.hcan      0x0000000020000044       0x28 ./Core/Src/main.o
                0x0000000020000044                hcan
 .bss.hi2c1     0x000000002000006c       0x54 ./Core/Src/main.o
                0x000000002000006c                hi2c1
 .bss.bool_gs_new_version_available
                0x00000000200000c0        0x1 ./Core/Src/main.o
 .bss.en_gs_app_state
                0x00000000200000c1        0x1 ./Core/Src/main.o
 *fill*         0x00000000200000c2        0x2 
 .bss.TxHeader  0x00000000200000c4       0x18 ./Core/Src/main.o
                0x00000000200000c4                TxHeader
 .bss.RxHeader  0x00000000200000dc       0x1c ./Core/Src/main.o
                0x00000000200000dc                RxHeader
 .bss.FilterConfig
                0x00000000200000f8       0x28 ./Core/Src/main.o
                0x00000000200000f8                FilterConfig
 .bss.TxMailbox
                0x0000000020000120        0x4 ./Core/Src/main.o
                0x0000000020000120                TxMailbox
 .bss.un_gs_RxConv
                0x0000000020000124        0x8 ./Core/Src/main.o
                0x0000000020000124                un_gs_RxConv
 .bss.TxData    0x000000002000012c        0x8 ./Core/Src/main.o
                0x000000002000012c                TxData
 .bss.update_data_arr
                0x0000000020000134     0x1b58 ./Core/Src/main.o
                0x0000000020000134                update_data_arr
 .bss.u32_gs_rec_count
                0x0000000020001c8c        0x4 ./Core/Src/main.o
 .bss.u32_gs_update_size
                0x0000000020001c90        0x4 ./Core/Src/main.o
 .bss.SSD1306_Buffer
                0x0000000020001c94      0x400 ./Core/Src/ssd1306.o
 .bss.SSD1306   0x0000000020002094        0x6 ./Core/Src/ssd1306.o
 *fill*         0x000000002000209a        0x2 
 .bss.uwTick    0x000000002000209c        0x4 ./Drivers/STM32F1xx_HAL_Driver/Src/stm32f1xx_hal.o
                0x000000002000209c                uwTick
 .bss.pFlash    0x00000000200020a0       0x20 ./Drivers/STM32F1xx_HAL_Driver/Src/stm32f1xx_hal_flash.o
                0x00000000200020a0                pFlash
 *(COMMON)
                0x00000000200020c0                . = ALIGN (0x4)
                0x00000000200020c0                _ebss = .
                0x00000000200020c0                __bss_end__ = _ebss

._user_heap_stack
                0x00000000200020c0      0x600 load address 0x0000000008009558
                0x00000000200020c0                . = ALIGN (0x8)
                [!provide]                        PROVIDE (end = .)
                0x00000000200020c0                PROVIDE (_end = .)
                0x00000000200022c0                . = (. + _Min_Heap_Size)
 *fill*         0x00000000200020c0      0x200 
                0x00000000200026c0                . = (. + _Min_Stack_Size)
 *fill*         0x00000000200022c0      0x400 
                0x00000000200026c0                . = ALIGN (0x8)

/DISCARD/
 libc.a(*)
 libm.a(*)
 libgcc.a(*)

.ARM.attributes
                0x0000000000000000       0x29
 *(.ARM.attributes)
 .ARM.attributes
                0x0000000000000000       0x1d C:/ST/STM32CubeIDE_1.13.1/STM32CubeIDE/plugins/com.st.stm32cube.ide.mcu.externaltools.gnu-tools-for-stm32.11.3.rel1.win32_1.1.0.202305231506/tools/bin/../lib/gcc/arm-none-eabi/11.3.1/thumb/v7-m/nofp/crti.o
 .ARM.attributes
                0x000000000000001d       0x2d C:/ST/STM32CubeIDE_1.13.1/STM32CubeIDE/plugins/com.st.stm32cube.ide.mcu.externaltools.gnu-tools-for-stm32.11.3.rel1.win32_1.1.0.202305231506/tools/bin/../lib/gcc/arm-none-eabi/11.3.1/thumb/v7-m/nofp/crtbegin.o
 .ARM.attributes
                0x000000000000004a       0x2d ./Core/Src/FlASH_PAGE_F1.o
 .ARM.attributes
                0x0000000000000077       0x2d ./Core/Src/fonts.o
 .ARM.attributes
                0x00000000000000a4       0x2d ./Core/Src/main.o
 .ARM.attributes
                0x00000000000000d1       0x2d ./Core/Src/ssd1306.o
 .ARM.attributes
                0x00000000000000fe       0x2d ./Core/Src/stm32f1xx_hal_msp.o
 .ARM.attributes
                0x000000000000012b       0x2d ./Core/Src/stm32f1xx_it.o
 .ARM.attributes
                0x0000000000000158       0x2d ./Core/Src/system_stm32f1xx.o
 .ARM.attributes
                0x0000000000000185       0x21 ./Core/Startup/startup_stm32f103c8tx.o
 .ARM.attributes
                0x00000000000001a6       0x2d ./Drivers/STM32F1xx_HAL_Driver/Src/stm32f1xx_hal.o
 .ARM.attributes
                0x00000000000001d3       0x2d ./Drivers/STM32F1xx_HAL_Driver/Src/stm32f1xx_hal_can.o
 .ARM.attributes
                0x0000000000000200       0x2d ./Drivers/STM32F1xx_HAL_Driver/Src/stm32f1xx_hal_cortex.o
 .ARM.attributes
                0x000000000000022d       0x2d ./Drivers/STM32F1xx_HAL_Driver/Src/stm32f1xx_hal_flash.o
 .ARM.attributes
                0x000000000000025a       0x2d ./Drivers/STM32F1xx_HAL_Driver/Src/stm32f1xx_hal_flash_ex.o
 .ARM.attributes
                0x0000000000000287       0x2d ./Drivers/STM32F1xx_HAL_Driver/Src/stm32f1xx_hal_gpio.o
 .ARM.attributes
                0x00000000000002b4       0x2d ./Drivers/STM32F1xx_HAL_Driver/Src/stm32f1xx_hal_i2c.o
 .ARM.attributes
                0x00000000000002e1       0x2d ./Drivers/STM32F1xx_HAL_Driver/Src/stm32f1xx_hal_rcc.o
 .ARM.attributes
                0x000000000000030e       0x2d C:/ST/STM32CubeIDE_1.13.1/STM32CubeIDE/plugins/com.st.stm32cube.ide.mcu.externaltools.gnu-tools-for-stm32.11.3.rel1.win32_1.1.0.202305231506/tools/bin/../lib/gcc/arm-none-eabi/11.3.1/../../../../arm-none-eabi/lib/thumb/v7-m/nofp\libc_nano.a(libc_a-memset.o)
 .ARM.attributes
                0x000000000000033b       0x2d C:/ST/STM32CubeIDE_1.13.1/STM32CubeIDE/plugins/com.st.stm32cube.ide.mcu.externaltools.gnu-tools-for-stm32.11.3.rel1.win32_1.1.0.202305231506/tools/bin/../lib/gcc/arm-none-eabi/11.3.1/../../../../arm-none-eabi/lib/thumb/v7-m/nofp\libc_nano.a(libc_a-init.o)
 .ARM.attributes
                0x0000000000000368       0x1b C:/ST/STM32CubeIDE_1.13.1/STM32CubeIDE/plugins/com.st.stm32cube.ide.mcu.externaltools.gnu-tools-for-stm32.11.3.rel1.win32_1.1.0.202305231506/tools/bin/../lib/gcc/arm-none-eabi/11.3.1/../../../../arm-none-eabi/lib/thumb/v7-m/nofp\libc_nano.a(libc_a-strcmp.o)
 .ARM.attributes
                0x0000000000000383       0x1d C:/ST/STM32CubeIDE_1.13.1/STM32CubeIDE/plugins/com.st.stm32cube.ide.mcu.externaltools.gnu-tools-for-stm32.11.3.rel1.win32_1.1.0.202305231506/tools/bin/../lib/gcc/arm-none-eabi/11.3.1/thumb/v7-m/nofp/crtn.o
OUTPUT(firmware_application.elf elf32-littlearm)
LOAD linker stubs
LOAD C:/ST/STM32CubeIDE_1.13.1/STM32CubeIDE/plugins/com.st.stm32cube.ide.mcu.externaltools.gnu-tools-for-stm32.11.3.rel1.win32_1.1.0.202305231506/tools/bin/../lib/gcc/arm-none-eabi/11.3.1/../../../../arm-none-eabi/lib/thumb/v7-m/nofp\libc.a
LOAD C:/ST/STM32CubeIDE_1.13.1/STM32CubeIDE/plugins/com.st.stm32cube.ide.mcu.externaltools.gnu-tools-for-stm32.11.3.rel1.win32_1.1.0.202305231506/tools/bin/../lib/gcc/arm-none-eabi/11.3.1/../../../../arm-none-eabi/lib/thumb/v7-m/nofp\libm.a
LOAD C:/ST/STM32CubeIDE_1.13.1/STM32CubeIDE/plugins/com.st.stm32cube.ide.mcu.externaltools.gnu-tools-for-stm32.11.3.rel1.win32_1.1.0.202305231506/tools/bin/../lib/gcc/arm-none-eabi/11.3.1/thumb/v7-m/nofp\libgcc.a

.comment        0x0000000000000000       0x43
 .comment       0x0000000000000000       0x43 C:/ST/STM32CubeIDE_1.13.1/STM32CubeIDE/plugins/com.st.stm32cube.ide.mcu.externaltools.gnu-tools-for-stm32.11.3.rel1.win32_1.1.0.202305231506/tools/bin/../lib/gcc/arm-none-eabi/11.3.1/thumb/v7-m/nofp/crtbegin.o
                                         0x44 (size before relaxing)
 .comment       0x0000000000000043       0x44 ./Core/Src/FlASH_PAGE_F1.o
 .comment       0x0000000000000043       0x44 ./Core/Src/fonts.o
 .comment       0x0000000000000043       0x44 ./Core/Src/main.o
 .comment       0x0000000000000043       0x44 ./Core/Src/ssd1306.o
 .comment       0x0000000000000043       0x44 ./Core/Src/stm32f1xx_hal_msp.o
 .comment       0x0000000000000043       0x44 ./Core/Src/stm32f1xx_it.o
 .comment       0x0000000000000043       0x44 ./Core/Src/system_stm32f1xx.o
 .comment       0x0000000000000043       0x44 ./Drivers/STM32F1xx_HAL_Driver/Src/stm32f1xx_hal.o
 .comment       0x0000000000000043       0x44 ./Drivers/STM32F1xx_HAL_Driver/Src/stm32f1xx_hal_can.o
 .comment       0x0000000000000043       0x44 ./Drivers/STM32F1xx_HAL_Driver/Src/stm32f1xx_hal_cortex.o
 .comment       0x0000000000000043       0x44 ./Drivers/STM32F1xx_HAL_Driver/Src/stm32f1xx_hal_flash.o
 .comment       0x0000000000000043       0x44 ./Drivers/STM32F1xx_HAL_Driver/Src/stm32f1xx_hal_flash_ex.o
 .comment       0x0000000000000043       0x44 ./Drivers/STM32F1xx_HAL_Driver/Src/stm32f1xx_hal_gpio.o
 .comment       0x0000000000000043       0x44 ./Drivers/STM32F1xx_HAL_Driver/Src/stm32f1xx_hal_i2c.o
 .comment       0x0000000000000043       0x44 ./Drivers/STM32F1xx_HAL_Driver/Src/stm32f1xx_hal_rcc.o

.debug_info     0x0000000000000000     0xa6f8
 .debug_info    0x0000000000000000      0x4e1 ./Core/Src/FlASH_PAGE_F1.o
 .debug_info    0x00000000000004e1      0x255 ./Core/Src/fonts.o
 .debug_info    0x0000000000000736     0x1a9f ./Core/Src/main.o
 .debug_info    0x00000000000021d5      0xf6c ./Core/Src/ssd1306.o
 .debug_info    0x0000000000003141      0xe1a ./Core/Src/stm32f1xx_hal_msp.o
 .debug_info    0x0000000000003f5b      0x5a2 ./Core/Src/stm32f1xx_it.o
 .debug_info    0x00000000000044fd      0x222 ./Core/Src/system_stm32f1xx.o
 .debug_info    0x000000000000471f       0x23 ./Core/Startup/startup_stm32f103c8tx.o
 .debug_info    0x0000000000004742      0x704 ./Drivers/STM32F1xx_HAL_Driver/Src/stm32f1xx_hal.o
 .debug_info    0x0000000000004e46      0xf27 ./Drivers/STM32F1xx_HAL_Driver/Src/stm32f1xx_hal_can.o
 .debug_info    0x0000000000005d6d      0xa87 ./Drivers/STM32F1xx_HAL_Driver/Src/stm32f1xx_hal_cortex.o
 .debug_info    0x00000000000067f4      0x4f8 ./Drivers/STM32F1xx_HAL_Driver/Src/stm32f1xx_hal_flash.o
 .debug_info    0x0000000000006cec      0x777 ./Drivers/STM32F1xx_HAL_Driver/Src/stm32f1xx_hal_flash_ex.o
 .debug_info    0x0000000000007463      0x5ab ./Drivers/STM32F1xx_HAL_Driver/Src/stm32f1xx_hal_gpio.o
 .debug_info    0x0000000000007a0e     0x2515 ./Drivers/STM32F1xx_HAL_Driver/Src/stm32f1xx_hal_i2c.o
 .debug_info    0x0000000000009f23      0x7d5 ./Drivers/STM32F1xx_HAL_Driver/Src/stm32f1xx_hal_rcc.o

.debug_abbrev   0x0000000000000000     0x2256
 .debug_abbrev  0x0000000000000000      0x20d ./Core/Src/FlASH_PAGE_F1.o
 .debug_abbrev  0x000000000000020d      0x11c ./Core/Src/fonts.o
 .debug_abbrev  0x0000000000000329      0x436 ./Core/Src/main.o
 .debug_abbrev  0x000000000000075f      0x2e9 ./Core/Src/ssd1306.o
 .debug_abbrev  0x0000000000000a48      0x207 ./Core/Src/stm32f1xx_hal_msp.o
 .debug_abbrev  0x0000000000000c4f      0x1d9 ./Core/Src/stm32f1xx_it.o
 .debug_abbrev  0x0000000000000e28      0x13f ./Core/Src/system_stm32f1xx.o
 .debug_abbrev  0x0000000000000f67       0x12 ./Core/Startup/startup_stm32f103c8tx.o
 .debug_abbrev  0x0000000000000f79      0x201 ./Drivers/STM32F1xx_HAL_Driver/Src/stm32f1xx_hal.o
 .debug_abbrev  0x000000000000117a      0x22d ./Drivers/STM32F1xx_HAL_Driver/Src/stm32f1xx_hal_can.o
 .debug_abbrev  0x00000000000013a7      0x2f8 ./Drivers/STM32F1xx_HAL_Driver/Src/stm32f1xx_hal_cortex.o
 .debug_abbrev  0x000000000000169f      0x250 ./Drivers/STM32F1xx_HAL_Driver/Src/stm32f1xx_hal_flash.o
 .debug_abbrev  0x00000000000018ef      0x247 ./Drivers/STM32F1xx_HAL_Driver/Src/stm32f1xx_hal_flash_ex.o
 .debug_abbrev  0x0000000000001b36      0x1ca ./Drivers/STM32F1xx_HAL_Driver/Src/stm32f1xx_hal_gpio.o
 .debug_abbrev  0x0000000000001d00      0x2a3 ./Drivers/STM32F1xx_HAL_Driver/Src/stm32f1xx_hal_i2c.o
 .debug_abbrev  0x0000000000001fa3      0x2b3 ./Drivers/STM32F1xx_HAL_Driver/Src/stm32f1xx_hal_rcc.o

.debug_aranges  0x0000000000000000      0xab0
 .debug_aranges
                0x0000000000000000       0x58 ./Core/Src/FlASH_PAGE_F1.o
 .debug_aranges
                0x0000000000000058       0x20 ./Core/Src/fonts.o
 .debug_aranges
                0x0000000000000078       0x88 ./Core/Src/main.o
 .debug_aranges
                0x0000000000000100       0xf0 ./Core/Src/ssd1306.o
 .debug_aranges
                0x00000000000001f0       0x40 ./Core/Src/stm32f1xx_hal_msp.o
 .debug_aranges
                0x0000000000000230       0x68 ./Core/Src/stm32f1xx_it.o
 .debug_aranges
                0x0000000000000298       0x28 ./Core/Src/system_stm32f1xx.o
 .debug_aranges
                0x00000000000002c0       0x28 ./Core/Startup/startup_stm32f103c8tx.o
 .debug_aranges
                0x00000000000002e8       0xe0 ./Drivers/STM32F1xx_HAL_Driver/Src/stm32f1xx_hal.o
 .debug_aranges
                0x00000000000003c8      0x138 ./Drivers/STM32F1xx_HAL_Driver/Src/stm32f1xx_hal_can.o
 .debug_aranges
                0x0000000000000500      0x100 ./Drivers/STM32F1xx_HAL_Driver/Src/stm32f1xx_hal_cortex.o
 .debug_aranges
                0x0000000000000600       0x88 ./Drivers/STM32F1xx_HAL_Driver/Src/stm32f1xx_hal_flash.o
 .debug_aranges
                0x0000000000000688       0x98 ./Drivers/STM32F1xx_HAL_Driver/Src/stm32f1xx_hal_flash_ex.o
 .debug_aranges
                0x0000000000000720       0x58 ./Drivers/STM32F1xx_HAL_Driver/Src/stm32f1xx_hal_gpio.o
 .debug_aranges
                0x0000000000000778      0x2a8 ./Drivers/STM32F1xx_HAL_Driver/Src/stm32f1xx_hal_i2c.o
 .debug_aranges
                0x0000000000000a20       0x90 ./Drivers/STM32F1xx_HAL_Driver/Src/stm32f1xx_hal_rcc.o

.debug_rnglists
                0x0000000000000000      0x827
 .debug_rnglists
                0x0000000000000000       0x3f ./Core/Src/FlASH_PAGE_F1.o
 .debug_rnglists
                0x000000000000003f       0x13 ./Core/Src/fonts.o
 .debug_rnglists
                0x0000000000000052       0x65 ./Core/Src/main.o
 .debug_rnglists
                0x00000000000000b7       0xbb ./Core/Src/ssd1306.o
 .debug_rnglists
                0x0000000000000172       0x2c ./Core/Src/stm32f1xx_hal_msp.o
 .debug_rnglists
                0x000000000000019e       0x49 ./Core/Src/stm32f1xx_it.o
 .debug_rnglists
                0x00000000000001e7       0x1a ./Core/Src/system_stm32f1xx.o
 .debug_rnglists
                0x0000000000000201       0x19 ./Core/Startup/startup_stm32f103c8tx.o
 .debug_rnglists
                0x000000000000021a       0xa3 ./Drivers/STM32F1xx_HAL_Driver/Src/stm32f1xx_hal.o
 .debug_rnglists
                0x00000000000002bd       0xee ./Drivers/STM32F1xx_HAL_Driver/Src/stm32f1xx_hal_can.o
 .debug_rnglists
                0x00000000000003ab       0xbb ./Drivers/STM32F1xx_HAL_Driver/Src/stm32f1xx_hal_cortex.o
 .debug_rnglists
                0x0000000000000466       0x66 ./Drivers/STM32F1xx_HAL_Driver/Src/stm32f1xx_hal_flash.o
 .debug_rnglists
                0x00000000000004cc       0x74 ./Drivers/STM32F1xx_HAL_Driver/Src/stm32f1xx_hal_flash_ex.o
 .debug_rnglists
                0x0000000000000540       0x3f ./Drivers/STM32F1xx_HAL_Driver/Src/stm32f1xx_hal_gpio.o
 .debug_rnglists
                0x000000000000057f      0x23c ./Drivers/STM32F1xx_HAL_Driver/Src/stm32f1xx_hal_i2c.o
 .debug_rnglists
                0x00000000000007bb       0x6c ./Drivers/STM32F1xx_HAL_Driver/Src/stm32f1xx_hal_rcc.o

.debug_macro    0x0000000000000000    0x17bf2
 .debug_macro   0x0000000000000000      0x2a4 ./Core/Src/FlASH_PAGE_F1.o
 .debug_macro   0x00000000000002a4      0xa9c ./Core/Src/FlASH_PAGE_F1.o
 .debug_macro   0x0000000000000d40      0x21b ./Core/Src/FlASH_PAGE_F1.o
 .debug_macro   0x0000000000000f5b       0x2e ./Core/Src/FlASH_PAGE_F1.o
 .debug_macro   0x0000000000000f89       0x22 ./Core/Src/FlASH_PAGE_F1.o
 .debug_macro   0x0000000000000fab       0x22 ./Core/Src/FlASH_PAGE_F1.o
 .debug_macro   0x0000000000000fcd       0x8e ./Core/Src/FlASH_PAGE_F1.o
 .debug_macro   0x000000000000105b       0x51 ./Core/Src/FlASH_PAGE_F1.o
 .debug_macro   0x00000000000010ac      0x103 ./Core/Src/FlASH_PAGE_F1.o
 .debug_macro   0x00000000000011af       0x6a ./Core/Src/FlASH_PAGE_F1.o
 .debug_macro   0x0000000000001219      0x1df ./Core/Src/FlASH_PAGE_F1.o
 .debug_macro   0x00000000000013f8       0x1c ./Core/Src/FlASH_PAGE_F1.o
 .debug_macro   0x0000000000001414       0x22 ./Core/Src/FlASH_PAGE_F1.o
 .debug_macro   0x0000000000001436       0xbd ./Core/Src/FlASH_PAGE_F1.o
 .debug_macro   0x00000000000014f3      0xd23 ./Core/Src/FlASH_PAGE_F1.o
 .debug_macro   0x0000000000002216     0xe09e ./Core/Src/FlASH_PAGE_F1.o
 .debug_macro   0x00000000000102b4       0x6d ./Core/Src/FlASH_PAGE_F1.o
 .debug_macro   0x0000000000010321     0x348d ./Core/Src/FlASH_PAGE_F1.o
 .debug_macro   0x00000000000137ae      0x174 ./Core/Src/FlASH_PAGE_F1.o
 .debug_macro   0x0000000000013922       0x5c ./Core/Src/FlASH_PAGE_F1.o
 .debug_macro   0x000000000001397e      0x5bc ./Core/Src/FlASH_PAGE_F1.o
 .debug_macro   0x0000000000013f3a      0x289 ./Core/Src/FlASH_PAGE_F1.o
 .debug_macro   0x00000000000141c3      0x1cb ./Core/Src/FlASH_PAGE_F1.o
 .debug_macro   0x000000000001438e      0x114 ./Core/Src/FlASH_PAGE_F1.o
 .debug_macro   0x00000000000144a2      0x1b2 ./Core/Src/FlASH_PAGE_F1.o
 .debug_macro   0x0000000000014654       0x27 ./Core/Src/FlASH_PAGE_F1.o
 .debug_macro   0x000000000001467b      0x136 ./Core/Src/FlASH_PAGE_F1.o
 .debug_macro   0x00000000000147b1      0x1bc ./Core/Src/FlASH_PAGE_F1.o
 .debug_macro   0x000000000001496d       0x34 ./Core/Src/FlASH_PAGE_F1.o
 .debug_macro   0x00000000000149a1       0x3c ./Core/Src/FlASH_PAGE_F1.o
 .debug_macro   0x00000000000149dd      0x408 ./Core/Src/FlASH_PAGE_F1.o
 .debug_macro   0x0000000000014de5       0x57 ./Core/Src/FlASH_PAGE_F1.o
 .debug_macro   0x0000000000014e3c       0x87 ./Core/Src/FlASH_PAGE_F1.o
 .debug_macro   0x0000000000014ec3      0x240 ./Core/Src/FlASH_PAGE_F1.o
 .debug_macro   0x0000000000015103      0x287 ./Core/Src/FlASH_PAGE_F1.o
 .debug_macro   0x000000000001538a      0x140 ./Core/Src/FlASH_PAGE_F1.o
 .debug_macro   0x00000000000154ca       0x83 ./Core/Src/FlASH_PAGE_F1.o
 .debug_macro   0x000000000001554d       0x61 ./Core/Src/FlASH_PAGE_F1.o
 .debug_macro   0x00000000000155ae       0x24 ./Core/Src/FlASH_PAGE_F1.o
 .debug_macro   0x00000000000155d2       0x43 ./Core/Src/FlASH_PAGE_F1.o
 .debug_macro   0x0000000000015615       0x34 ./Core/Src/FlASH_PAGE_F1.o
 .debug_macro   0x0000000000015649       0x16 ./Core/Src/FlASH_PAGE_F1.o
 .debug_macro   0x000000000001565f       0x43 ./Core/Src/FlASH_PAGE_F1.o
 .debug_macro   0x00000000000156a2       0x34 ./Core/Src/FlASH_PAGE_F1.o
 .debug_macro   0x00000000000156d6       0x10 ./Core/Src/FlASH_PAGE_F1.o
 .debug_macro   0x00000000000156e6       0x58 ./Core/Src/FlASH_PAGE_F1.o
 .debug_macro   0x000000000001573e       0x8e ./Core/Src/FlASH_PAGE_F1.o
 .debug_macro   0x00000000000157cc       0x1c ./Core/Src/FlASH_PAGE_F1.o
 .debug_macro   0x00000000000157e8      0x177 ./Core/Src/FlASH_PAGE_F1.o
 .debug_macro   0x000000000001595f      0x369 ./Core/Src/FlASH_PAGE_F1.o
 .debug_macro   0x0000000000015cc8       0x10 ./Core/Src/FlASH_PAGE_F1.o
 .debug_macro   0x0000000000015cd8       0x35 ./Core/Src/FlASH_PAGE_F1.o
 .debug_macro   0x0000000000015d0d       0x20 ./Core/Src/FlASH_PAGE_F1.o
 .debug_macro   0x0000000000015d2d       0x1c ./Core/Src/FlASH_PAGE_F1.o
 .debug_macro   0x0000000000015d49       0x10 ./Core/Src/FlASH_PAGE_F1.o
 .debug_macro   0x0000000000015d59       0x1c ./Core/Src/FlASH_PAGE_F1.o
 .debug_macro   0x0000000000015d75       0x16 ./Core/Src/FlASH_PAGE_F1.o
 .debug_macro   0x0000000000015d8b      0x147 ./Core/Src/FlASH_PAGE_F1.o
 .debug_macro   0x0000000000015ed2      0x270 ./Core/Src/fonts.o
 .debug_macro   0x0000000000016142      0x313 ./Core/Src/main.o
 .debug_macro   0x0000000000016455       0xfb ./Core/Src/main.o
 .debug_macro   0x0000000000016550       0x16 ./Core/Src/main.o
 .debug_macro   0x0000000000016566       0x16 ./Core/Src/main.o
 .debug_macro   0x000000000001657c       0x16 ./Core/Src/main.o
 .debug_macro   0x0000000000016592       0x3a ./Core/Src/main.o
 .debug_macro   0x00000000000165cc       0x16 ./Core/Src/main.o
 .debug_macro   0x00000000000165e2       0x16 ./Core/Src/main.o
 .debug_macro   0x00000000000165f8       0x29 ./Core/Src/main.o
 .debug_macro   0x0000000000016621       0x1d ./Core/Src/main.o
 .debug_macro   0x000000000001663e      0x2fb ./Core/Src/ssd1306.o
 .debug_macro   0x0000000000016939      0x1a7 ./Core/Src/stm32f1xx_hal_msp.o
 .debug_macro   0x0000000000016ae0      0x1b1 ./Core/Src/stm32f1xx_it.o
 .debug_macro   0x0000000000016c91      0x198 ./Core/Src/system_stm32f1xx.o
 .debug_macro   0x0000000000016e29      0x1bc ./Drivers/STM32F1xx_HAL_Driver/Src/stm32f1xx_hal.o
 .debug_macro   0x0000000000016fe5      0x1a0 ./Drivers/STM32F1xx_HAL_Driver/Src/stm32f1xx_hal_can.o
 .debug_macro   0x0000000000017185      0x198 ./Drivers/STM32F1xx_HAL_Driver/Src/stm32f1xx_hal_cortex.o
 .debug_macro   0x000000000001731d      0x198 ./Drivers/STM32F1xx_HAL_Driver/Src/stm32f1xx_hal_flash.o
 .debug_macro   0x00000000000174b5      0x1aa ./Drivers/STM32F1xx_HAL_Driver/Src/stm32f1xx_hal_flash_ex.o
 .debug_macro   0x000000000001765f      0x203 ./Drivers/STM32F1xx_HAL_Driver/Src/stm32f1xx_hal_gpio.o
 .debug_macro   0x0000000000017862      0x1e6 ./Drivers/STM32F1xx_HAL_Driver/Src/stm32f1xx_hal_i2c.o
 .debug_macro   0x0000000000017a48      0x1aa ./Drivers/STM32F1xx_HAL_Driver/Src/stm32f1xx_hal_rcc.o

.debug_line     0x0000000000000000     0xd512
 .debug_line    0x0000000000000000      0xa60 ./Core/Src/FlASH_PAGE_F1.o
 .debug_line    0x0000000000000a60      0x849 ./Core/Src/fonts.o
 .debug_line    0x00000000000012a9      0xd1f ./Core/Src/main.o
 .debug_line    0x0000000000001fc8      0xf8b ./Core/Src/ssd1306.o
 .debug_line    0x0000000000002f53      0x783 ./Core/Src/stm32f1xx_hal_msp.o
 .debug_line    0x00000000000036d6      0x7bf ./Core/Src/stm32f1xx_it.o
 .debug_line    0x0000000000003e95      0x760 ./Core/Src/system_stm32f1xx.o
 .debug_line    0x00000000000045f5       0x78 ./Core/Startup/startup_stm32f103c8tx.o
 .debug_line    0x000000000000466d      0x98d ./Drivers/STM32F1xx_HAL_Driver/Src/stm32f1xx_hal.o
 .debug_line    0x0000000000004ffa     0x1134 ./Drivers/STM32F1xx_HAL_Driver/Src/stm32f1xx_hal_can.o
 .debug_line    0x000000000000612e      0xb75 ./Drivers/STM32F1xx_HAL_Driver/Src/stm32f1xx_hal_cortex.o
 .debug_line    0x0000000000006ca3      0xa6a ./Drivers/STM32F1xx_HAL_Driver/Src/stm32f1xx_hal_flash.o
 .debug_line    0x000000000000770d      0xb45 ./Drivers/STM32F1xx_HAL_Driver/Src/stm32f1xx_hal_flash_ex.o
 .debug_line    0x0000000000008252      0xa26 ./Drivers/STM32F1xx_HAL_Driver/Src/stm32f1xx_hal_gpio.o
 .debug_line    0x0000000000008c78     0x3b04 ./Drivers/STM32F1xx_HAL_Driver/Src/stm32f1xx_hal_i2c.o
 .debug_line    0x000000000000c77c      0xd96 ./Drivers/STM32F1xx_HAL_Driver/Src/stm32f1xx_hal_rcc.o

.debug_str      0x0000000000000000    0x85f5b
 .debug_str     0x0000000000000000    0x81cd1 ./Core/Src/FlASH_PAGE_F1.o
                                      0x82069 (size before relaxing)
 .debug_str     0x0000000000081cd1       0xb9 ./Core/Src/fonts.o
                                      0x81860 (size before relaxing)
 .debug_str     0x0000000000081d8a     0x1c3f ./Core/Src/main.o
                                      0x83c68 (size before relaxing)
 .debug_str     0x00000000000839c9      0x4b0 ./Core/Src/ssd1306.o
                                      0x82304 (size before relaxing)
 .debug_str     0x0000000000083e79       0xe5 ./Core/Src/stm32f1xx_hal_msp.o
                                      0x7fab5 (size before relaxing)
 .debug_str     0x0000000000083f5e       0xdc ./Core/Src/stm32f1xx_it.o
                                      0x7f336 (size before relaxing)
 .debug_str     0x000000000008403a       0x58 ./Core/Src/system_stm32f1xx.o
                                      0x7e714 (size before relaxing)
 .debug_str     0x0000000000084092       0x34 ./Core/Startup/startup_stm32f103c8tx.o
                                         0x90 (size before relaxing)
 .debug_str     0x00000000000840c6      0x36c ./Drivers/STM32F1xx_HAL_Driver/Src/stm32f1xx_hal.o
                                      0x7ee47 (size before relaxing)
 .debug_str     0x0000000000084432      0x3ac ./Drivers/STM32F1xx_HAL_Driver/Src/stm32f1xx_hal_can.o
                                      0x7ef14 (size before relaxing)
 .debug_str     0x00000000000847de      0x1b9 ./Drivers/STM32F1xx_HAL_Driver/Src/stm32f1xx_hal_cortex.o
                                      0x7ed93 (size before relaxing)
 .debug_str     0x0000000000084997      0x246 ./Drivers/STM32F1xx_HAL_Driver/Src/stm32f1xx_hal_flash.o
                                      0x7e9ef (size before relaxing)
 .debug_str     0x0000000000084bdd      0x30c ./Drivers/STM32F1xx_HAL_Driver/Src/stm32f1xx_hal_flash_ex.o
                                      0x7eb9d (size before relaxing)
 .debug_str     0x0000000000084ee9      0x2bd ./Drivers/STM32F1xx_HAL_Driver/Src/stm32f1xx_hal_gpio.o
                                      0x7ea9a (size before relaxing)
 .debug_str     0x00000000000851a6      0xbac ./Drivers/STM32F1xx_HAL_Driver/Src/stm32f1xx_hal_i2c.o
                                      0x7f7db (size before relaxing)
 .debug_str     0x0000000000085d52      0x209 ./Drivers/STM32F1xx_HAL_Driver/Src/stm32f1xx_hal_rcc.o
                                      0x7eb43 (size before relaxing)

.debug_frame    0x0000000000000000     0x2b48
 .debug_frame   0x0000000000000000      0x148 ./Core/Src/FlASH_PAGE_F1.o
 .debug_frame   0x0000000000000148       0x38 ./Core/Src/fonts.o
 .debug_frame   0x0000000000000180      0x1e4 ./Core/Src/main.o
 .debug_frame   0x0000000000000364      0x3f0 ./Core/Src/ssd1306.o
 .debug_frame   0x0000000000000754       0xc8 ./Core/Src/stm32f1xx_hal_msp.o
 .debug_frame   0x000000000000081c      0x120 ./Core/Src/stm32f1xx_it.o
 .debug_frame   0x000000000000093c       0x58 ./Core/Src/system_stm32f1xx.o
 .debug_frame   0x0000000000000994      0x334 ./Drivers/STM32F1xx_HAL_Driver/Src/stm32f1xx_hal.o
 .debug_frame   0x0000000000000cc8      0x5a0 ./Drivers/STM32F1xx_HAL_Driver/Src/stm32f1xx_hal_can.o
 .debug_frame   0x0000000000001268      0x428 ./Drivers/STM32F1xx_HAL_Driver/Src/stm32f1xx_hal_cortex.o
 .debug_frame   0x0000000000001690      0x20c ./Drivers/STM32F1xx_HAL_Driver/Src/stm32f1xx_hal_flash.o
 .debug_frame   0x000000000000189c      0x258 ./Drivers/STM32F1xx_HAL_Driver/Src/stm32f1xx_hal_flash_ex.o
 .debug_frame   0x0000000000001af4      0x14c ./Drivers/STM32F1xx_HAL_Driver/Src/stm32f1xx_hal_gpio.o
 .debug_frame   0x0000000000001c40      0xc84 ./Drivers/STM32F1xx_HAL_Driver/Src/stm32f1xx_hal_i2c.o
 .debug_frame   0x00000000000028c4      0x218 ./Drivers/STM32F1xx_HAL_Driver/Src/stm32f1xx_hal_rcc.o
 .debug_frame   0x0000000000002adc       0x20 C:/ST/STM32CubeIDE_1.13.1/STM32CubeIDE/plugins/com.st.stm32cube.ide.mcu.externaltools.gnu-tools-for-stm32.11.3.rel1.win32_1.1.0.202305231506/tools/bin/../lib/gcc/arm-none-eabi/11.3.1/../../../../arm-none-eabi/lib/thumb/v7-m/nofp\libc_nano.a(libc_a-memset.o)
 .debug_frame   0x0000000000002afc       0x2c C:/ST/STM32CubeIDE_1.13.1/STM32CubeIDE/plugins/com.st.stm32cube.ide.mcu.externaltools.gnu-tools-for-stm32.11.3.rel1.win32_1.1.0.202305231506/tools/bin/../lib/gcc/arm-none-eabi/11.3.1/../../../../arm-none-eabi/lib/thumb/v7-m/nofp\libc_nano.a(libc_a-init.o)
 .debug_frame   0x0000000000002b28       0x20 C:/ST/STM32CubeIDE_1.13.1/STM32CubeIDE/plugins/com.st.stm32cube.ide.mcu.externaltools.gnu-tools-for-stm32.11.3.rel1.win32_1.1.0.202305231506/tools/bin/../lib/gcc/arm-none-eabi/11.3.1/../../../../arm-none-eabi/lib/thumb/v7-m/nofp\libc_nano.a(libc_a-strcmp.o)

.debug_line_str
                0x0000000000000000       0x84
 .debug_line_str
                0x0000000000000000       0x84 ./Core/Startup/startup_stm32f103c8tx.o
                                         0x9c (size before relaxing)
