core_cm3.h:1639:22:__NVIC_SetPriority	16	static
core_cm3.h:1762:34:__NVIC_SystemReset	4	static,ignoring_inline_asm
core_cm3.h:1834:26:SysTick_Config	16	static
main.c:126:6:HAL_CAN_RxFifo0MsgPendingCallback	24	static
main.c:264:5:main	16	static
main.c:504:6:SystemClock_Config	72	static
main.c:540:13:MX_CAN_Init	8	static
main.c:577:13:MX_I2C1_Init	8	static
main.c:611:13:MX_GPIO_Init	40	static
main.c:655:13:app_switch_state	24	static
main.c:781:13:app_write_on_screen	16	static
main.c:812:13:app_fill_array_with_str	24	static
main.c:832:13:app_tx_over_can	24	static
main.c:867:6:Error_Handler	4	static,ignoring_inline_asm
